Component: ARM Compiler 5.06 update 6 (build 750) Tool: armlink [4d35ed]

==============================================================================

Section Cross References

    main.o(i.main) refers to systick.o(i.systick_config) for systick_config
    systick.o(i.delay_1ms) refers to systick.o(.data) for delay
    systick.o(i.delay_decrement) refers to systick.o(.data) for delay
    systick.o(i.systick_config) refers to systick.o(i.NVIC_SetPriority) for NVIC_SetPriority
    systick.o(i.systick_config) refers to system_gd32f4xx.o(.data) for SystemCoreClock
    startup_gd32f407_427.o(STACK) refers (Special) to heapauxi.o(.text) for __use_two_region_memory
    startup_gd32f407_427.o(HEAP) refers (Special) to heapauxi.o(.text) for __use_two_region_memory
    startup_gd32f407_427.o(RESET) refers (Special) to heapauxi.o(.text) for __use_two_region_memory
    startup_gd32f407_427.o(RESET) refers to startup_gd32f407_427.o(STACK) for __initial_sp
    startup_gd32f407_427.o(RESET) refers to startup_gd32f407_427.o(.text) for Reset_Handler
    startup_gd32f407_427.o(RESET) refers to gd32f4xx_it.o(i.NMI_Handler) for NMI_Handler
    startup_gd32f407_427.o(RESET) refers to context_rvds.o(.text) for HardFault_Handler
    startup_gd32f407_427.o(RESET) refers to gd32f4xx_it.o(i.MemManage_Handler) for MemManage_Handler
    startup_gd32f407_427.o(RESET) refers to gd32f4xx_it.o(i.BusFault_Handler) for BusFault_Handler
    startup_gd32f407_427.o(RESET) refers to gd32f4xx_it.o(i.UsageFault_Handler) for UsageFault_Handler
    startup_gd32f407_427.o(RESET) refers to gd32f4xx_it.o(i.SVC_Handler) for SVC_Handler
    startup_gd32f407_427.o(RESET) refers to gd32f4xx_it.o(i.DebugMon_Handler) for DebugMon_Handler
    startup_gd32f407_427.o(RESET) refers to board.o(i.SysTick_Handler) for SysTick_Handler
    startup_gd32f407_427.o(.text) refers (Special) to heapauxi.o(.text) for __use_two_region_memory
    startup_gd32f407_427.o(.text) refers to system_gd32f4xx.o(i.SystemInit) for SystemInit
    startup_gd32f407_427.o(.text) refers to __main.o(!!!main) for __main
    startup_gd32f407_427.o(.text) refers to startup_gd32f407_427.o(HEAP) for Heap_Mem
    startup_gd32f407_427.o(.text) refers to startup_gd32f407_427.o(STACK) for Stack_Mem
    system_gd32f4xx.o(i.SystemCoreClockUpdate) refers to system_gd32f4xx.o(.data) for SystemCoreClock
    system_gd32f4xx.o(i.SystemInit) refers to system_gd32f4xx.o(i.system_clock_config) for system_clock_config
    system_gd32f4xx.o(i.system_clock_config) refers to system_gd32f4xx.o(i.system_clock_200m_25m_hxtal) for system_clock_200m_25m_hxtal
    gd32f4xx_adc.o(i.adc_deinit) refers to gd32f4xx_rcu.o(i.rcu_periph_reset_enable) for rcu_periph_reset_enable
    gd32f4xx_adc.o(i.adc_deinit) refers to gd32f4xx_rcu.o(i.rcu_periph_reset_disable) for rcu_periph_reset_disable
    gd32f4xx_can.o(i.can_debug_freeze_disable) refers to gd32f4xx_dbg.o(i.dbg_periph_disable) for dbg_periph_disable
    gd32f4xx_can.o(i.can_debug_freeze_enable) refers to gd32f4xx_dbg.o(i.dbg_periph_enable) for dbg_periph_enable
    gd32f4xx_can.o(i.can_deinit) refers to gd32f4xx_rcu.o(i.rcu_periph_reset_enable) for rcu_periph_reset_enable
    gd32f4xx_can.o(i.can_deinit) refers to gd32f4xx_rcu.o(i.rcu_periph_reset_disable) for rcu_periph_reset_disable
    gd32f4xx_can.o(i.can_interrupt_flag_get) refers to gd32f4xx_can.o(i.can_receive_message_length_get) for can_receive_message_length_get
    gd32f4xx_can.o(i.can_interrupt_flag_get) refers to gd32f4xx_can.o(i.can_error_get) for can_error_get
    gd32f4xx_ctc.o(i.ctc_deinit) refers to gd32f4xx_rcu.o(i.rcu_periph_reset_enable) for rcu_periph_reset_enable
    gd32f4xx_ctc.o(i.ctc_deinit) refers to gd32f4xx_rcu.o(i.rcu_periph_reset_disable) for rcu_periph_reset_disable
    gd32f4xx_dac.o(i.dac_deinit) refers to gd32f4xx_rcu.o(i.rcu_periph_reset_enable) for rcu_periph_reset_enable
    gd32f4xx_dac.o(i.dac_deinit) refers to gd32f4xx_rcu.o(i.rcu_periph_reset_disable) for rcu_periph_reset_disable
    gd32f4xx_dci.o(i.dci_deinit) refers to gd32f4xx_rcu.o(i.rcu_periph_reset_enable) for rcu_periph_reset_enable
    gd32f4xx_dci.o(i.dci_deinit) refers to gd32f4xx_rcu.o(i.rcu_periph_reset_disable) for rcu_periph_reset_disable
    gd32f4xx_enet.o(i.enet_deinit) refers to gd32f4xx_rcu.o(i.rcu_periph_reset_enable) for rcu_periph_reset_enable
    gd32f4xx_enet.o(i.enet_deinit) refers to gd32f4xx_rcu.o(i.rcu_periph_reset_disable) for rcu_periph_reset_disable
    gd32f4xx_enet.o(i.enet_deinit) refers to gd32f4xx_enet.o(i.enet_initpara_reset) for enet_initpara_reset
    gd32f4xx_enet.o(i.enet_descriptors_chain_init) refers to gd32f4xx_enet.o(.bss) for txdesc_tab
    gd32f4xx_enet.o(i.enet_descriptors_chain_init) refers to gd32f4xx_enet.o(.data) for dma_current_txdesc
    gd32f4xx_enet.o(i.enet_descriptors_ring_init) refers to gd32f4xx_enet.o(.bss) for txdesc_tab
[...]
    Removing thread.o(i.rt_thread_delay_until), (110 bytes).
    Removing thread.o(i.rt_thread_delete), (88 bytes).
    Removing thread.o(i.rt_thread_detach), (104 bytes).
    Removing thread.o(i.rt_thread_find), (14 bytes).
    Removing thread.o(i.rt_thread_mdelay), (20 bytes).
    Removing thread.o(i.rt_thread_sleep), (68 bytes).
    Removing timer.o(i.rt_timer_create), (54 bytes).
    Removing timer.o(i.rt_timer_delete), (40 bytes).
    Removing timer.o(i.rt_timer_list_next_timeout), (44 bytes).
    Removing timer.o(i.rt_timer_next_timeout_tick), (16 bytes).
    Removing board.o(.rev16_text), (4 bytes).
    Removing board.o(.revsh_text), (4 bytes).

988 unused section(s) (total 59856 bytes) removed from the image.

==============================================================================

Image Symbol Table

    Local Symbols

    Symbol Name                              Value     Ov Type        Size  Object(Section)

    ../clib/angel/boardlib.s                 0x00000000   Number         0  boardinit3.o ABSOLUTE
    ../clib/angel/boardlib.s                 0x00000000   Number         0  boardinit2.o ABSOLUTE
    ../clib/angel/boardlib.s                 0x00000000   Number         0  boardshut.o ABSOLUTE
    ../clib/angel/boardlib.s                 0x00000000   Number         0  boardinit1.o ABSOLUTE
    ../clib/angel/handlers.s                 0x00000000   Number         0  __scatter_zi.o ABSOLUTE
    ../clib/angel/handlers.s                 0x00000000   Number         0  __scatter_copy.o ABSOLUTE
    ../clib/angel/kernel.s                   0x00000000   Number         0  __rtentry.o ABSOLUTE
    ../clib/angel/kernel.s                   0x00000000   Number         0  __rtentry2.o ABSOLUTE
    ../clib/angel/kernel.s                   0x00000000   Number         0  __rtentry4.o ABSOLUTE
    ../clib/angel/kernel.s                   0x00000000   Number         0  rtexit.o ABSOLUTE
    ../clib/angel/kernel.s                   0x00000000   Number         0  rtexit2.o ABSOLUTE
    ../clib/angel/rt.s                       0x00000000   Number         0  rt_raise.o ABSOLUTE
    ../clib/angel/scatter.s                  0x00000000   Number         0  __scatter.o ABSOLUTE
    ../clib/angel/startup.s                  0x00000000   Number         0  __main.o ABSOLUTE
    ../clib/angel/sys.s                      0x00000000   Number         0  use_no_semi.o ABSOLUTE
    ../clib/angel/sys.s                      0x00000000   Number         0  indicate_semi.o ABSOLUTE
    ../clib/angel/sys.s                      0x00000000   Number         0  libspace.o ABSOLUTE
    ../clib/angel/sys.s                      0x00000000   Number         0  sys_stackheap_outer.o ABSOLUTE
    ../clib/angel/sysapp.c                   0x00000000   Number         0  sys_wrch.o ABSOLUTE
    ../clib/angel/sysapp.c                   0x00000000   Number         0  sys_command.o ABSOLUTE
    ../clib/angel/sysapp.c                   0x00000000   Number         0  sys_exit.o ABSOLUTE
    ../clib/armsys.c                         0x00000000   Number         0  argv_veneer.o ABSOLUTE
    ../clib/armsys.c                         0x00000000   Number         0  argv_veneer.o ABSOLUTE
    ../clib/armsys.c                         0x00000000   Number         0  no_argv.o ABSOLUTE
    ../clib/armsys.c                         0x00000000   Number         0  _get_argv_nomalloc.o ABSOLUTE
    ../clib/heapalloc.c                      0x00000000   Number         0  hrguard.o ABSOLUTE
    ../clib/heapaux.c                        0x00000000   Number         0  heapauxi.o ABSOLUTE
    ../clib/libinit.s                        0x00000000   Number         0  libshutdown2.o ABSOLUTE
    ../clib/libinit.s                        0x00000000   Number         0  libshutdown.o ABSOLUTE
    ../clib/libinit.s                        0x00000000   Number         0  libinit2.o ABSOLUTE
    ../clib/libinit.s                        0x00000000   Number         0  libinit.o ABSOLUTE
    ../clib/signal.c                         0x00000000   Number         0  defsig_rtmem_outer.o ABSOLUTE
    ../clib/signal.c                         0x00000000   Number         0  defsig_rtmem_inner.o ABSOLUTE
    ../clib/signal.c                         0x00000000   Number         0  defsig_rtmem_formal.o ABSOLUTE
    ../clib/signal.c                         0x00000000   Number         0  defsig_general.o ABSOLUTE
    ../clib/signal.c                         0x00000000   Number         0  defsig_exit.o ABSOLUTE
    ../clib/signal.c                         0x00000000   Number         0  defsig_abrt_inner.o ABSOLUTE
    ../clib/signal.c                         0x00000000   Number         0  defsig_fpe_inner.o ABSOLUTE
    ../clib/signal.c                         0x00000000   Number         0  __raise.o ABSOLUTE
    ../clib/signal.c                         0x00000000   Number         0  defsig_stak_inner.o ABSOLUTE
    ../clib/signal.c                         0x00000000   Number         0  defsig_pvfn_inner.o ABSOLUTE
    ../clib/signal.c                         0x00000000   Number         0  defsig_cppl_inner.o ABSOLUTE
    ../clib/signal.c                         0x00000000   Number         0  defsig_segv_inner.o ABSOLUTE
    ../clib/signal.c                         0x00000000   Number         0  defsig_other.o ABSOLUTE
    ../clib/signal.c                         0x00000000   Number         0  defsig_rtred_inner.o ABSOLUTE
    ../clib/signal.s                         0x00000000   Number         0  defsig.o ABSOLUTE
    ../clib/stdlib.c                         0x00000000   Number         0  exit.o ABSOLUTE
    ../fplib/fpinit.s                        0x00000000   Number         0  fpinit.o ABSOLUTE
    ..\Core\src\gd32f4xx_it.c                0x00000000   Number         0  gd32f4xx_it.o ABSOLUTE
    ..\Core\src\main.c                       0x00000000   Number         0  main.o ABSOLUTE
    ..\Core\src\systick.c                    0x00000000   Number         0  systick.o ABSOLUTE
    ..\Drivers\CMSIS\GD\GD32F4xx\Source\system_gd32f4xx.c 0x00000000   Number         0  system_gd32f4xx.o ABSOLUTE
    ..\Drivers\GD32F4xx_standard_peripheral\Source\gd32f4xx_adc.c 0x00000000   Number         0  gd32f4xx_adc.o ABSOLUTE
    ..\Drivers\GD32F4xx_standard_peripheral\Source\gd32f4xx_can.c 0x00000000   Number         0  gd32f4xx_can.o ABSOLUTE
    ..\Drivers\GD32F4xx_standard_peripheral\Source\gd32f4xx_crc.c 0x00000000   Number         0  gd32f4xx_crc.o ABSOLUTE
    ..\Drivers\GD32F4xx_standard_peripheral\Source\gd32f4xx_ctc.c 0x00000000   Number         0  gd32f4xx_ctc.o ABSOLUTE
    ..\Drivers\GD32F4xx_standard_peripheral\Source\gd32f4xx_dac.c 0x00000000   Number         0  gd32f4xx_dac.o ABSOLUTE
    ..\Drivers\GD32F4xx_standard_peripheral\Source\gd32f4xx_dbg.c 0x00000000   Number         0  gd32f4xx_dbg.o ABSOLUTE
    ..\Drivers\GD32F4xx_standard_peripheral\Source\gd32f4xx_dci.c 0x00000000   Number         0  gd32f4xx_dci.o ABSOLUTE
    ..\Drivers\GD32F4xx_standard_peripheral\Source\gd32f4xx_dma.c 0x00000000   Number         0  gd32f4xx_dma.o ABSOLUTE
    ..\Drivers\GD32F4xx_standard_peripheral\Source\gd32f4xx_enet.c 0x00000000   Number         0  gd32f4xx_enet.o ABSOLUTE
    ..\Drivers\GD32F4xx_standard_peripheral\Source\gd32f4xx_exmc.c 0x00000000   Number         0  gd32f4xx_exmc.o ABSOLUTE
    ..\Drivers\GD32F4xx_standard_peripheral\Source\gd32f4xx_exti.c 0x00000000   Number         0  gd32f4xx_exti.o ABSOLUTE
    ..\Drivers\GD32F4xx_standard_peripheral\Source\gd32f4xx_fmc.c 0x00000000   Number         0  gd32f4xx_fmc.o ABSOLUTE
    ..\Drivers\GD32F4xx_standard_peripheral\Source\gd32f4xx_fwdgt.c 0x00000000   Number         0  gd32f4xx_fwdgt.o ABSOLUTE
    ..\Drivers\GD32F4xx_standard_peripheral\Source\gd32f4xx_gpio.c 0x00000000   Number         0  gd32f4xx_gpio.o ABSOLUTE
    ..\Drivers\GD32F4xx_standard_peripheral\Source\gd32f4xx_i2c.c 0x00000000   Number         0  gd32f4xx_i2c.o ABSOLUTE
    ..\Drivers\GD32F4xx_standard_peripheral\Source\gd32f4xx_ipa.c 0x00000000   Number         0  gd32f4xx_ipa.o ABSOLUTE
    ..\Drivers\GD32F4xx_standard_peripheral\Source\gd32f4xx_iref.c 0x00000000   Number         0  gd32f4xx_iref.o ABSOLUTE
    ..\Drivers\GD32F4xx_standard_peripheral\Source\gd32f4xx_misc.c 0x00000000   Number         0  gd32f4xx_misc.o ABSOLUTE
    ..\Drivers\GD32F4xx_standard_peripheral\Source\gd32f4xx_pmu.c 0x00000000   Number         0  gd32f4xx_pmu.o ABSOLUTE
    ..\Drivers\GD32F4xx_standard_peripheral\Source\gd32f4xx_rcu.c 0x00000000   Number         0  gd32f4xx_rcu.o ABSOLUTE
    ..\Drivers\GD32F4xx_standard_peripheral\Source\gd32f4xx_rtc.c 0x00000000   Number         0  gd32f4xx_rtc.o ABSOLUTE
    ..\Drivers\GD32F4xx_standard_peripheral\Source\gd32f4xx_sdio.c 0x00000000   Number         0  gd32f4xx_sdio.o ABSOLUTE
    ..\Drivers\GD32F4xx_standard_peripheral\Source\gd32f4xx_spi.c 0x00000000   Number         0  gd32f4xx_spi.o ABSOLUTE
    ..\Drivers\GD32F4xx_standard_peripheral\Source\gd32f4xx_syscfg.c 0x00000000   Number         0  gd32f4xx_syscfg.o ABSOLUTE
    ..\Drivers\GD32F4xx_standard_peripheral\Source\gd32f4xx_timer.c 0x00000000   Number         0  gd32f4xx_timer.o ABSOLUTE
    ..\Drivers\GD32F4xx_standard_peripheral\Source\gd32f4xx_tli.c 0x00000000   Number         0  gd32f4xx_tli.o ABSOLUTE
    ..\Drivers\GD32F4xx_standard_peripheral\Source\gd32f4xx_trng.c 0x00000000   Number         0  gd32f4xx_trng.o ABSOLUTE
    ..\Drivers\GD32F4xx_standard_peripheral\Source\gd32f4xx_usart.c 0x00000000   Number         0  gd32f4xx_usart.o ABSOLUTE
    ..\Drivers\GD32F4xx_standard_peripheral\Source\gd32f4xx_wwdgt.c 0x00000000   Number         0  gd32f4xx_wwdgt.o ABSOLUTE
    ..\Startup\startup_gd32f407_427.s        0x00000000   Number         0  startup_gd32f407_427.o ABSOLUTE
    ..\\Core\\src\\gd32f4xx_it.c             0x00000000   Number         0  gd32f4xx_it.o ABSOLUTE
    ..\\Core\\src\\main.c                    0x00000000   Number         0  main.o ABSOLUTE
    ..\\Core\\src\\systick.c                 0x00000000   Number         0  systick.o ABSOLUTE
    ..\\Drivers\\CMSIS\\GD\\GD32F4xx\\Source\\system_gd32f4xx.c 0x00000000   Number         0  system_gd32f4xx.o ABSOLUTE
    ..\\Drivers\\GD32F4xx_standard_peripheral\\Source\\gd32f4xx_adc.c 0x00000000   Number         0  gd32f4xx_adc.o ABSOLUTE
    ..\\Drivers\\GD32F4xx_standard_peripheral\\Source\\gd32f4xx_can.c 0x00000000   Number         0  gd32f4xx_can.o ABSOLUTE
    ..\\Drivers\\GD32F4xx_standard_peripheral\\Source\\gd32f4xx_crc.c 0x00000000   Number         0  gd32f4xx_crc.o ABSOLUTE
    ..\\Drivers\\GD32F4xx_standard_peripheral\\Source\\gd32f4xx_ctc.c 0x00000000   Number         0  gd32f4xx_ctc.o ABSOLUTE
    ..\\Drivers\\GD32F4xx_standard_peripheral\\Source\\gd32f4xx_dac.c 0x00000000   Number         0  gd32f4xx_dac.o ABSOLUTE
    ..\\Drivers\\GD32F4xx_standard_peripheral\\Source\\gd32f4xx_dbg.c 0x00000000   Number         0  gd32f4xx_dbg.o ABSOLUTE
    ..\\Drivers\\GD32F4xx_standard_peripheral\\Source\\gd32f4xx_dci.c 0x00000000   Number         0  gd32f4xx_dci.o ABSOLUTE
    ..\\Drivers\\GD32F4xx_standard_peripheral\\Source\\gd32f4xx_dma.c 0x00000000   Number         0  gd32f4xx_dma.o ABSOLUTE
    ..\\Drivers\\GD32F4xx_standard_peripheral\\Source\\gd32f4xx_enet.c 0x00000000   Number         0  gd32f4xx_enet.o ABSOLUTE
    ..\\Drivers\\GD32F4xx_standard_peripheral\\Source\\gd32f4xx_exmc.c 0x00000000   Number         0  gd32f4xx_exmc.o ABSOLUTE
    ..\\Drivers\\GD32F4xx_standard_peripheral\\Source\\gd32f4xx_exti.c 0x00000000   Number         0  gd32f4xx_exti.o ABSOLUTE
    ..\\Drivers\\GD32F4xx_standard_peripheral\\Source\\gd32f4xx_fmc.c 0x00000000   Number         0  gd32f4xx_fmc.o ABSOLUTE
    ..\\Drivers\\GD32F4xx_standard_peripheral\\Source\\gd32f4xx_fwdgt.c 0x00000000   Number         0  gd32f4xx_fwdgt.o ABSOLUTE
    ..\\Drivers\\GD32F4xx_standard_peripheral\\Source\\gd32f4xx_gpio.c 0x00000000   Number         0  gd32f4xx_gpio.o ABSOLUTE
    ..\\Drivers\\GD32F4xx_standard_peripheral\\Source\\gd32f4xx_i2c.c 0x00000000   Number         0  gd32f4xx_i2c.o ABSOLUTE
    ..\\Drivers\\GD32F4xx_standard_peripheral\\Source\\gd32f4xx_ipa.c 0x00000000   Number         0  gd32f4xx_ipa.o ABSOLUTE
    ..\\Drivers\\GD32F4xx_standard_peripheral\\Source\\gd32f4xx_iref.c 0x00000000   Number         0  gd32f4xx_iref.o ABSOLUTE
    ..\\Drivers\\GD32F4xx_standard_peripheral\\Source\\gd32f4xx_misc.c 0x00000000   Number         0  gd32f4xx_misc.o ABSOLUTE
    ..\\Drivers\\GD32F4xx_standard_peripheral\\Source\\gd32f4xx_pmu.c 0x00000000   Number         0  gd32f4xx_pmu.o ABSOLUTE
    ..\\Drivers\\GD32F4xx_standard_peripheral\\Source\\gd32f4xx_rcu.c 0x00000000   Number         0  gd32f4xx_rcu.o ABSOLUTE
    ..\\Drivers\\GD32F4xx_standard_peripheral\\Source\\gd32f4xx_rtc.c 0x00000000   Number         0  gd32f4xx_rtc.o ABSOLUTE
    ..\\Drivers\\GD32F4xx_standard_peripheral\\Source\\gd32f4xx_sdio.c 0x00000000   Number         0  gd32f4xx_sdio.o ABSOLUTE
    ..\\Drivers\\GD32F4xx_standard_peripheral\\Source\\gd32f4xx_spi.c 0x00000000   Number         0  gd32f4xx_spi.o ABSOLUTE
    ..\\Drivers\\GD32F4xx_standard_peripheral\\Source\\gd32f4xx_syscfg.c 0x00000000   Number         0  gd32f4xx_syscfg.o ABSOLUTE
    ..\\Drivers\\GD32F4xx_standard_peripheral\\Source\\gd32f4xx_timer.c 0x00000000   Number         0  gd32f4xx_timer.o ABSOLUTE
    ..\\Drivers\\GD32F4xx_standard_peripheral\\Source\\gd32f4xx_tli.c 0x00000000   Number         0  gd32f4xx_tli.o ABSOLUTE
    ..\\Drivers\\GD32F4xx_standard_peripheral\\Source\\gd32f4xx_trng.c 0x00000000   Number         0  gd32f4xx_trng.o ABSOLUTE
    ..\\Drivers\\GD32F4xx_standard_peripheral\\Source\\gd32f4xx_usart.c 0x00000000   Number         0  gd32f4xx_usart.o ABSOLUTE
    ..\\Drivers\\GD32F4xx_standard_peripheral\\Source\\gd32f4xx_wwdgt.c 0x00000000   Number         0  gd32f4xx_wwdgt.o ABSOLUTE
    E:\Users\WuTong\AppData\Local\Arm\Packs\RealThread\RT-Thread\3.1.5\libcpu\arm\cortex-m4\context_rvds.S 0x00000000   Number         0  context_rvds.o ABSOLUTE
    E:\Users\WuTong\AppData\Local\Arm\Packs\RealThread\RT-Thread\3.1.5\libcpu\arm\cortex-m4\cpuport.c 0x00000000   Number         0  cpuport.o ABSOLUTE
    E:\Users\WuTong\AppData\Local\Arm\Packs\RealThread\RT-Thread\3.1.5\src\clock.c 0x00000000   Number         0  clock.o ABSOLUTE
    E:\Users\WuTong\AppData\Local\Arm\Packs\RealThread\RT-Thread\3.1.5\src\components.c 0x00000000   Number         0  components.o ABSOLUTE
    E:\Users\WuTong\AppData\Local\Arm\Packs\RealThread\RT-Thread\3.1.5\src\idle.c 0x00000000   Number         0  idle.o ABSOLUTE
    E:\Users\WuTong\AppData\Local\Arm\Packs\RealThread\RT-Thread\3.1.5\src\ipc.c 0x00000000   Number         0  ipc.o ABSOLUTE
    E:\Users\WuTong\AppData\Local\Arm\Packs\RealThread\RT-Thread\3.1.5\src\irq.c 0x00000000   Number         0  irq.o ABSOLUTE
    E:\Users\WuTong\AppData\Local\Arm\Packs\RealThread\RT-Thread\3.1.5\src\kservice.c 0x00000000   Number         0  kservice.o ABSOLUTE
    E:\Users\WuTong\AppData\Local\Arm\Packs\RealThread\RT-Thread\3.1.5\src\mem.c 0x00000000   Number         0  mem.o ABSOLUTE
    E:\Users\WuTong\AppData\Local\Arm\Packs\RealThread\RT-Thread\3.1.5\src\mempool.c 0x00000000   Number         0  mempool.o ABSOLUTE
    E:\Users\WuTong\AppData\Local\Arm\Packs\RealThread\RT-Thread\3.1.5\src\object.c 0x00000000   Number         0  object.o ABSOLUTE
    E:\Users\WuTong\AppData\Local\Arm\Packs\RealThread\RT-Thread\3.1.5\src\scheduler.c 0x00000000   Number         0  scheduler.o ABSOLUTE
    E:\Users\WuTong\AppData\Local\Arm\Packs\RealThread\RT-Thread\3.1.5\src\thread.c 0x00000000   Number         0  thread.o ABSOLUTE
    E:\Users\WuTong\AppData\Local\Arm\Packs\RealThread\RT-Thread\3.1.5\src\timer.c 0x00000000   Number         0  timer.o ABSOLUTE
    RTE\RTOS\board.c                         0x00000000   Number         0  board.o ABSOLUTE
    RTE\\RTOS\\board.c                       0x00000000   Number         0  board.o ABSOLUTE
    dc.s                                     0x00000000   Number         0  dc.o ABSOLUTE
    RESET                                    0x08000000   Section      392  startup_gd32f407_427.o(RESET)
    !!!main                                  0x08000188   Section        8  __main.o(!!!main)
    !!!scatter                               0x08000190   Section       52  __scatter.o(!!!scatter)
    !!handler_copy                           0x080001c4   Section       26  __scatter_copy.o(!!handler_copy)
    !!handler_zi                             0x080001e0   Section       28  __scatter_zi.o(!!handler_zi)
    .ARM.Collect$$libinit$$00000000          0x080001fc   Section        2  libinit.o(.ARM.Collect$$libinit$$00000000)
    .ARM.Collect$$libinit$$00000001          0x080001fe   Section        4  libinit2.o(.ARM.Collect$$libinit$$00000001)
    .ARM.Collect$$libinit$$00000004          0x08000202   Section        0  libinit2.o(.ARM.Collect$$libinit$$00000004)
    .ARM.Collect$$libinit$$0000000A          0x08000202   Section        0  libinit2.o(.ARM.Collect$$libinit$$0000000A)
    .ARM.Collect$$libinit$$0000000C          0x08000202   Section        0  libinit2.o(.ARM.Collect$$libinit$$0000000C)
    .ARM.Collect$$libinit$$0000000E          0x08000202   Section        0  libinit2.o(.ARM.Collect$$libinit$$0000000E)
    .ARM.Collect$$libinit$$00000011          0x08000202   Section        0  libinit2.o(.ARM.Collect$$libinit$$00000011)
    .ARM.Collect$$libinit$$00000013          0x08000202   Section        0  libinit2.o(.ARM.Collect$$libinit$$00000013)
    .ARM.Collect$$libinit$$00000015          0x08000202   Section        0  libinit2.o(.ARM.Collect$$libinit$$00000015)
    .ARM.Collect$$libinit$$00000017          0x08000202   Section        0  libinit2.o(.ARM.Collect$$libinit$$00000017)
    .ARM.Collect$$libinit$$00000019          0x08000202   Section        0  libinit2.o(.ARM.Collect$$libinit$$00000019)
    .ARM.Collect$$libinit$$0000001B          0x08000202   Section        0  libinit2.o(.ARM.Collect$$libinit$$0000001B)
    .ARM.Collect$$libinit$$0000001D          0x08000202   Section        0  libinit2.o(.ARM.Collect$$libinit$$0000001D)
    .ARM.Collect$$libinit$$0000001F          0x08000202   Section        0  libinit2.o(.ARM.Collect$$libinit$$0000001F)
    .ARM.Collect$$libinit$$00000021          0x08000202   Section        0  libinit2.o(.ARM.Collect$$libinit$$00000021)
    .ARM.Collect$$libinit$$00000023          0x08000202   Section        0  libinit2.o(.ARM.Collect$$libinit$$00000023)
    .ARM.Collect$$libinit$$00000025          0x08000202   Section        0  libinit2.o(.ARM.Collect$$libinit$$00000025)
    .ARM.Collect$$libinit$$0000002C          0x08000202   Section        0  libinit2.o(.ARM.Collect$$libinit$$0000002C)
    .ARM.Collect$$libinit$$0000002E          0x08000202   Section        0  libinit2.o(.ARM.Collect$$libinit$$0000002E)
    .ARM.Collect$$libinit$$00000030          0x08000202   Section        0  libinit2.o(.ARM.Collect$$libinit$$00000030)
    .ARM.Collect$$libinit$$00000032          0x08000202   Section        0  libinit2.o(.ARM.Collect$$libinit$$00000032)
    .ARM.Collect$$libinit$$00000033          0x08000202   Section        2  libinit2.o(.ARM.Collect$$libinit$$00000033)
    .ARM.Collect$$libshutdown$$00000000      0x08000204   Section        2  libshutdown.o(.ARM.Collect$$libshutdown$$00000000)
    .ARM.Collect$$libshutdown$$00000002      0x08000206   Section        0  libshutdown2.o(.ARM.Collect$$libshutdown$$00000002)
    .ARM.Collect$$libshutdown$$00000004      0x08000206   Section        0  libshutdown2.o(.ARM.Collect$$libshutdown$$00000004)
    .ARM.Collect$$libshutdown$$00000007      0x08000206   Section        0  libshutdown2.o(.ARM.Collect$$libshutdown$$00000007)
    .ARM.Collect$$libshutdown$$0000000A      0x08000206   Section        0  libshutdown2.o(.ARM.Collect$$libshutdown$$0000000A)
    .ARM.Collect$$libshutdown$$0000000C      0x08000206   Section        0  libshutdown2.o(.ARM.Collect$$libshutdown$$0000000C)
    .ARM.Collect$$libshutdown$$0000000F      0x08000206   Section        0  libshutdown2.o(.ARM.Collect$$libshutdown$$0000000F)
    .ARM.Collect$$libshutdown$$00000010      0x08000206   Section        2  libshutdown2.o(.ARM.Collect$$libshutdown$$00000010)
    .ARM.Collect$$rtentry$$00000000          0x08000208   Section        0  __rtentry.o(.ARM.Collect$$rtentry$$00000000)
    .ARM.Collect$$rtentry$$00000002          0x08000208   Section        0  __rtentry2.o(.ARM.Collect$$rtentry$$00000002)
    .ARM.Collect$$rtentry$$00000004          0x08000208   Section        6  __rtentry4.o(.ARM.Collect$$rtentry$$00000004)
    .ARM.Collect$$rtentry$$00000009          0x0800020e   Section        0  __rtentry2.o(.ARM.Collect$$rtentry$$00000009)
    .ARM.Collect$$rtentry$$0000000A          0x0800020e   Section        4  __rtentry2.o(.ARM.Collect$$rtentry$$0000000A)
    .ARM.Collect$$rtentry$$0000000C          0x08000212   Section        0  __rtentry2.o(.ARM.Collect$$rtentry$$0000000C)
    .ARM.Collect$$rtentry$$0000000D          0x08000212   Section        8  __rtentry2.o(.ARM.Collect$$rtentry$$0000000D)
    .ARM.Collect$$rtexit$$00000000           0x0800021a   Section        2  rtexit.o(.ARM.Collect$$rtexit$$00000000)
    .ARM.Collect$$rtexit$$00000002           0x0800021c   Section        0  rtexit2.o(.ARM.Collect$$rtexit$$00000002)
    .ARM.Collect$$rtexit$$00000003           0x0800021c   Section        4  rtexit2.o(.ARM.Collect$$rtexit$$00000003)
    .ARM.Collect$$rtexit$$00000004           0x08000220   Section        6  rtexit2.o(.ARM.Collect$$rtexit$$00000004)
    .text                                    0x08000228   Section       64  startup_gd32f407_427.o(.text)
    $v0                                      0x08000228   Number         0  startup_gd32f407_427.o(.text)
    .text                                    0x08000268   Section      308  context_rvds.o(.text)
    $v0                                      0x08000268   Number         0  context_rvds.o(.text)
    .text                                    0x0800039c   Section        0  heapauxi.o(.text)
    .text                                    0x080003a2   Section       74  sys_stackheap_outer.o(.text)
    .text                                    0x080003ec   Section        0  exit.o(.text)
    .text                                    0x08000400   Section        8  libspace.o(.text)
    .text                                    0x08000408   Section        0  sys_exit.o(.text)
    .text                                    0x08000414   Section        2  use_no_semi.o(.text)
    .text                                    0x08000416   Section        0  indicate_semi.o(.text)
    i.$Sub$$main                             0x08000416   Section        0  components.o(i.$Sub$$main)
    i.BusFault_Handler                       0x08000420   Section        0  gd32f4xx_it.o(i.BusFault_Handler)
    i.DebugMon_Handler                       0x08000424   Section        0  gd32f4xx_it.o(i.DebugMon_Handler)
    i.MemManage_Handler                      0x08000426   Section        0  gd32f4xx_it.o(i.MemManage_Handler)
    i.NMI_Handler                            0x0800042a   Section        0  gd32f4xx_it.o(i.NMI_Handler)
    i.NVIC_SetPriority                       0x0800042c   Section        0  systick.o(i.NVIC_SetPriority)
    NVIC_SetPriority                         0x0800042d   Thumb Code    32  systick.o(i.NVIC_SetPriority)
    i.SVC_Handler                            0x08000454   Section        0  gd32f4xx_it.o(i.SVC_Handler)
    i.SysTick_Handler                        0x08000456   Section        0  board.o(i.SysTick_Handler)
    i.SystemCoreClockUpdate                  0x08000460   Section        0  system_gd32f4xx.o(i.SystemCoreClockUpdate)
    i.SystemInit                             0x08000570   Section        0  system_gd32f4xx.o(i.SystemInit)
    i.UsageFault_Handler                     0x08000644   Section        0  gd32f4xx_it.o(i.UsageFault_Handler)
    i.__rt_ffs                               0x08000648   Section        0  kservice.o(i.__rt_ffs)
    i._rt_thread_init                        0x08000694   Section        0  thread.o(i._rt_thread_init)
    _rt_thread_init                          0x08000695   Thumb Code   124  thread.o(i._rt_thread_init)
    i._rt_timer_init                         0x08000718   Section        0  timer.o(i._rt_timer_init)
    _rt_timer_init                           0x08000719   Thumb Code    66  timer.o(i._rt_timer_init)
    i._rt_timer_remove                       0x0800075a   Section        0  timer.o(i._rt_timer_remove)
    _rt_timer_remove                         0x0800075b   Thumb Code    28  timer.o(i._rt_timer_remove)
    i._thread_cleanup_execute                0x08000776   Section        0  thread.o(i._thread_cleanup_execute)
    _thread_cleanup_execute                  0x08000777   Thumb Code    28  thread.o(i._thread_cleanup_execute)
    i.main                                   0x08000792   Section        0  main.o(i.main)
    i.main_thread_entry                      0x0800079a   Section        0  components.o(i.main_thread_entry)
    i.plug_holes                             0x080007a8   Section        0  mem.o(i.plug_holes)
    plug_holes                               0x080007a9   Thumb Code   108  mem.o(i.plug_holes)
    i.rt_application_init                    0x08000820   Section        0  components.o(i.rt_application_init)
    i.rt_components_board_init               0x08000850   Section        0  components.o(i.rt_components_board_init)
    i.rt_components_init                     0x0800086c   Section        0  components.o(i.rt_components_init)
    i.rt_enter_critical                      0x08000888   Section        0  scheduler.o(i.rt_enter_critical)
    i.rt_exit_critical                       0x080008a8   Section        0  scheduler.o(i.rt_exit_critical)
    i.rt_free                                0x080008ec   Section        0  mem.o(i.rt_free)
    i.rt_heap_begin_get                      0x08000964   Section        0  board.o(i.rt_heap_begin_get)
    i.rt_heap_end_get                        0x0800096c   Section        0  board.o(i.rt_heap_end_get)
    i.rt_hw_board_init                       0x08000974   Section        0  board.o(i.rt_hw_board_init)
    i.rt_hw_hard_fault_exception             0x080009ec   Section        0  cpuport.o(i.rt_hw_hard_fault_exception)
    i.rt_hw_stack_init                       0x08000a18   Section        0  cpuport.o(i.rt_hw_stack_init)
    i.rt_interrupt_enter                     0x08000a68   Section        0  irq.o(i.rt_interrupt_enter)
    i.rt_interrupt_leave                     0x08000a88   Section        0  irq.o(i.rt_interrupt_leave)
    i.rt_ipc_list_resume                     0x08000aa8   Section        0  ipc.o(i.rt_ipc_list_resume)
    rt_ipc_list_resume                       0x08000aa9   Thumb Code    20  ipc.o(i.rt_ipc_list_resume)
    i.rt_ipc_list_suspend                    0x08000abc   Section        0  ipc.o(i.rt_ipc_list_suspend)
    rt_ipc_list_suspend                      0x08000abd   Thumb Code   110  ipc.o(i.rt_ipc_list_suspend)
    i.rt_ipc_object_init                     0x08000b2a   Section        0  ipc.o(i.rt_ipc_object_init)
    rt_ipc_object_init                       0x08000b2b   Thumb Code    16  ipc.o(i.rt_ipc_object_init)
    i.rt_list_init                           0x08000b3a   Section        0  ipc.o(i.rt_list_init)
    rt_list_init                             0x08000b3b   Thumb Code     6  ipc.o(i.rt_list_init)
    i.rt_list_init                           0x08000b40   Section        0  scheduler.o(i.rt_list_init)
    rt_list_init                             0x08000b41   Thumb Code     6  scheduler.o(i.rt_list_init)
    i.rt_list_init                           0x08000b46   Section        0  timer.o(i.rt_list_init)
    rt_list_init                             0x08000b47   Thumb Code     6  timer.o(i.rt_list_init)
    i.rt_list_insert_after                   0x08000b4c   Section        0  object.o(i.rt_list_insert_after)
    rt_list_insert_after                     0x08000b4d   Thumb Code    14  object.o(i.rt_list_insert_after)
    i.rt_list_insert_after                   0x08000b5a   Section        0  thread.o(i.rt_list_insert_after)
    rt_list_insert_after                     0x08000b5b   Thumb Code    14  thread.o(i.rt_list_insert_after)
    i.rt_list_insert_after                   0x08000b68   Section        0  timer.o(i.rt_list_insert_after)
    rt_list_insert_after                     0x08000b69   Thumb Code    14  timer.o(i.rt_list_insert_after)
    i.rt_list_insert_before                  0x08000b76   Section        0  ipc.o(i.rt_list_insert_before)
    rt_list_insert_before                    0x08000b77   Thumb Code    14  ipc.o(i.rt_list_insert_before)
    i.rt_list_isempty                        0x08000b84   Section        0  ipc.o(i.rt_list_isempty)
    rt_list_isempty                          0x08000b85   Thumb Code    16  ipc.o(i.rt_list_isempty)
    i.rt_list_isempty                        0x08000b94   Section        0  timer.o(i.rt_list_isempty)
    rt_list_isempty                          0x08000b95   Thumb Code    16  timer.o(i.rt_list_isempty)
    i.rt_list_remove                         0x08000ba4   Section        0  object.o(i.rt_list_remove)
    rt_list_remove                           0x08000ba5   Thumb Code    18  object.o(i.rt_list_remove)
    i.rt_list_remove                         0x08000bb6   Section        0  thread.o(i.rt_list_remove)
    rt_list_remove                           0x08000bb7   Thumb Code    18  thread.o(i.rt_list_remove)
    i.rt_list_remove                         0x08000bc8   Section        0  timer.o(i.rt_list_remove)
    rt_list_remove                           0x08000bc9   Thumb Code    18  timer.o(i.rt_list_remove)
    i.rt_malloc                              0x08000bdc   Section        0  mem.o(i.rt_malloc)
    i.rt_memset                              0x08000d48   Section        0  kservice.o(i.rt_memset)
    i.rt_object_allocate                     0x08000d90   Section        0  object.o(i.rt_object_allocate)
    i.rt_object_delete                       0x08000de4   Section        0  object.o(i.rt_object_delete)
    i.rt_object_detach                       0x08000e08   Section        0  object.o(i.rt_object_detach)
    i.rt_object_get_information              0x08000e28   Section        0  object.o(i.rt_object_get_information)
    i.rt_object_init                         0x08000e50   Section        0  object.o(i.rt_object_init)
    i.rt_object_is_systemobject              0x08000ea6   Section        0  object.o(i.rt_object_is_systemobject)
    i.rt_os_tick_callback                    0x08000eb8   Section        0  board.o(i.rt_os_tick_callback)
    i.rt_schedule                            0x08000ec8   Section        0  scheduler.o(i.rt_schedule)
    i.rt_schedule_insert_thread              0x08000f4c   Section        0  scheduler.o(i.rt_schedule_insert_thread)
    i.rt_schedule_remove_thread              0x08000f9c   Section        0  scheduler.o(i.rt_schedule_remove_thread)
    i.rt_sem_init                            0x08000ff0   Section        0  ipc.o(i.rt_sem_init)
    i.rt_sem_release                         0x08001016   Section        0  ipc.o(i.rt_sem_release)
    i.rt_sem_take                            0x08001068   Section        0  ipc.o(i.rt_sem_take)
    i.rt_show_version                        0x080010dc   Section        0  kservice.o(i.rt_show_version)
    i.rt_strncpy                             0x080010de   Section        0  kservice.o(i.rt_strncpy)
    i.rt_system_heap_init                    0x08001114   Section        0  mem.o(i.rt_system_heap_init)
    i.rt_system_scheduler_init               0x080011c4   Section        0  scheduler.o(i.rt_system_scheduler_init)
    i.rt_system_scheduler_start              0x08001210   Section        0  scheduler.o(i.rt_system_scheduler_start)
    i.rt_system_timer_init                   0x08001240   Section        0  timer.o(i.rt_system_timer_init)
    i.rt_system_timer_thread_init            0x0800125c   Section        0  timer.o(i.rt_system_timer_thread_init)
    i.rt_thread_create                       0x0800125e   Section        0  thread.o(i.rt_thread_create)
    i.rt_thread_exit                         0x080012b0   Section        0  thread.o(i.rt_thread_exit)
    i.rt_thread_idle_entry                   0x08001308   Section        0  idle.o(i.rt_thread_idle_entry)
    rt_thread_idle_entry                     0x08001309   Thumb Code     8  idle.o(i.rt_thread_idle_entry)
    i.rt_thread_idle_excute                  0x08001310   Section        0  idle.o(i.rt_thread_idle_excute)
    i.rt_thread_idle_init                    0x08001370   Section        0  idle.o(i.rt_thread_idle_init)
    i.rt_thread_init                         0x080013ac   Section        0  thread.o(i.rt_thread_init)
    i.rt_thread_resume                       0x080013e0   Section        0  thread.o(i.rt_thread_resume)
    i.rt_thread_self                         0x0800141c   Section        0  thread.o(i.rt_thread_self)
    i.rt_thread_startup                      0x08001428   Section        0  thread.o(i.rt_thread_startup)
    i.rt_thread_suspend                      0x08001454   Section        0  thread.o(i.rt_thread_suspend)
    i.rt_thread_timeout                      0x08001498   Section        0  thread.o(i.rt_thread_timeout)
    i.rt_thread_yield                        0x080014b8   Section        0  thread.o(i.rt_thread_yield)
    i.rt_tick_get                            0x0800151c   Section        0  clock.o(i.rt_tick_get)
    i.rt_tick_increase                       0x08001528   Section        0  clock.o(i.rt_tick_increase)
    i.rt_timer_check                         0x08001558   Section        0  timer.o(i.rt_timer_check)
    i.rt_timer_control                       0x080015fc   Section        0  timer.o(i.rt_timer_control)
    i.rt_timer_detach                        0x0800165e   Section        0  timer.o(i.rt_timer_detach)
    i.rt_timer_init                          0x08001686   Section        0  timer.o(i.rt_timer_init)
    i.rt_timer_start                         0x080016b4   Section        0  timer.o(i.rt_timer_start)
    i.rt_timer_stop                          0x080017a0   Section        0  timer.o(i.rt_timer_stop)
    i.rti_board_end                          0x080017d0   Section        0  components.o(i.rti_board_end)
    rti_board_end                            0x080017d1   Thumb Code     4  components.o(i.rti_board_end)
    i.rti_board_start                        0x080017d4   Section        0  components.o(i.rti_board_start)
    rti_board_start                          0x080017d5   Thumb Code     4  components.o(i.rti_board_start)
    i.rti_end                                0x080017d8   Section        0  components.o(i.rti_end)
    rti_end                                  0x080017d9   Thumb Code     4  components.o(i.rti_end)
    i.rti_start                              0x080017dc   Section        0  components.o(i.rti_start)
    rti_start                                0x080017dd   Thumb Code     4  components.o(i.rti_start)
    i.rtthread_startup                       0x080017e0   Section        0  components.o(i.rtthread_startup)
    i.system_clock_200m_25m_hxtal            0x0800180c   Section        0  system_gd32f4xx.o(i.system_clock_200m_25m_hxtal)
    system_clock_200m_25m_hxtal              0x0800180d   Thumb Code   240  system_gd32f4xx.o(i.system_clock_200m_25m_hxtal)
    i.system_clock_config                    0x08001908   Section        0  system_gd32f4xx.o(i.system_clock_config)
    system_clock_config                      0x08001909   Thumb Code     8  system_gd32f4xx.o(i.system_clock_config)
    i.systick_config                         0x08001910   Section        0  systick.o(i.systick_config)
    x$fpl$fpinit                             0x08001960   Section       10  fpinit.o(x$fpl$fpinit)
    $v0                                      0x08001960   Number         0  fpinit.o(x$fpl$fpinit)
    .constdata                               0x0800196a   Section      290  kservice.o(.constdata)
    small_digits                             0x08001a6a   Data          17  kservice.o(.constdata)
    large_digits                             0x08001a7b   Data          17  kservice.o(.constdata)
    .rti_fn.0                                0x08001a8c   Section        4  components.o(.rti_fn.0)
    __tagsym$$used                           0x08001a8c   Number         0  components.o(.rti_fn.0)
    .rti_fn.0.end                            0x08001a90   Section        4  components.o(.rti_fn.0.end)
    __tagsym$$used                           0x08001a90   Number         0  components.o(.rti_fn.0.end)
    .rti_fn.1.end                            0x08001a94   Section        4  components.o(.rti_fn.1.end)
    __tagsym$$used                           0x08001a94   Number         0  components.o(.rti_fn.1.end)
    .rti_fn.6.end                            0x08001a98   Section        4  components.o(.rti_fn.6.end)
    __tagsym$$used                           0x08001a98   Number         0  components.o(.rti_fn.6.end)
    .data                                    0x20000000   Section        4  system_gd32f4xx.o(.data)
    .data                                    0x20000004   Section       16  cpuport.o(.data)
    rt_exception_hook                        0x20000010   Data           4  cpuport.o(.data)
    .data                                    0x20000014   Section        4  clock.o(.data)
    rt_tick                                  0x20000014   Data           4  clock.o(.data)
    .data                                    0x20000018   Section        1  irq.o(.data)
    .data                                    0x2000001c   Section       24  mem.o(.data)
    heap_ptr                                 0x2000001c   Data           4  mem.o(.data)
    heap_end                                 0x20000020   Data           4  mem.o(.data)
    lfree                                    0x20000024   Data           4  mem.o(.data)
    mem_size_aligned                         0x20000028   Data           4  mem.o(.data)
    used_mem                                 0x2000002c   Data           4  mem.o(.data)
    max_mem                                  0x20000030   Data           4  mem.o(.data)
    .data                                    0x20000034   Section       64  object.o(.data)
    rt_object_container                      0x20000034   Data          64  object.o(.data)
    .data                                    0x20000074   Section       24  scheduler.o(.data)
    rt_scheduler_lock_nest                   0x20000078   Data           2  scheduler.o(.data)
    .data                                    0x2000008c   Section       12  timer.o(.data)
    rt_timer_list                            0x2000008c   Data           8  timer.o(.data)
    random_nr                                0x20000094   Data           4  timer.o(.data)
    .bss                                     0x20000098   Section      376  idle.o(.bss)
    idle                                     0x20000098   Data         120  idle.o(.bss)
    rt_thread_stack                          0x20000110   Data         256  idle.o(.bss)
    .bss                                     0x20000210   Section       32  mem.o(.bss)
    heap_sem                                 0x20000210   Data          32  mem.o(.bss)
    .bss                                     0x20000230   Section      256  scheduler.o(.bss)
    .bss                                     0x20000330   Section    15360  board.o(.bss)
    rt_heap                                  0x20000330   Data       15360  board.o(.bss)
    .bss                                     0x20003f30   Section       96  libspace.o(.bss)
    HEAP                                     0x20003f90   Section     1024  startup_gd32f407_427.o(HEAP)
    Heap_Mem                                 0x20003f90   Data        1024  startup_gd32f407_427.o(HEAP)
    STACK                                    0x20004390   Section     1024  startup_gd32f407_427.o(STACK)
    Stack_Mem                                0x20004390   Data        1024  startup_gd32f407_427.o(STACK)
    __initial_sp                             0x20004790   Data           0  startup_gd32f407_427.o(STACK)

    Global Symbols

    Symbol Name                              Value     Ov Type        Size  Object(Section)

    BuildAttributes$$THM_ISAv4$E$P$D$K$B$S$7EM$VFPi3$EXTD16$VFPS$VFMA$PE$A:L22UL41UL21$X:L11$S22US41US21$IEEE1$IW$USESV6$~STKCKD$USESV7$~SHL$OSPACE$ROPI$EBA8$UX$STANDARDLIB$REQ8$PRES8$EABIv2 0x00000000   Number         0  anon$$obj.o ABSOLUTE
    __ARM_use_no_argv                        0x00000000   Number         0  main.o ABSOLUTE
    __ARM_exceptions_init                     - Undefined Weak Reference
    __alloca_initialize                       - Undefined Weak Reference
    __arm_preinit_                            - Undefined Weak Reference
    __cpp_initialize__aeabi_                  - Undefined Weak Reference
    __cxa_finalize                            - Undefined Weak Reference
    __rt_locale                               - Undefined Weak Reference
    __sigvec_lookup                           - Undefined Weak Reference
    _atexit_init                              - Undefined Weak Reference
    _call_atexit_fns                          - Undefined Weak Reference
    _clock_init                               - Undefined Weak Reference
    _fp_trap_init                             - Undefined Weak Reference
    _fp_trap_shutdown                         - Undefined Weak Reference
    _get_lc_collate                           - Undefined Weak Reference
    _get_lc_ctype                             - Undefined Weak Reference
    _get_lc_monetary                          - Undefined Weak Reference
    _get_lc_numeric                           - Undefined Weak Reference
    _get_lc_time                              - Undefined Weak Reference
    _getenv_init                              - Undefined Weak Reference
    _handle_redirection                       - Undefined Weak Reference
    _init_alloc                               - Undefined Weak Reference
    _init_user_alloc                          - Undefined Weak Reference
    _initio                                   - Undefined Weak Reference
    _rand_init                                - Undefined Weak Reference
    _signal_finish                            - Undefined Weak Reference
    _signal_init                              - Undefined Weak Reference
    _terminate_alloc                          - Undefined Weak Reference
    _terminate_user_alloc                     - Undefined Weak Reference
    _terminateio                              - Undefined Weak Reference
    __Vectors_Size                           0x00000188   Number         0  startup_gd32f407_427.o ABSOLUTE
    __Vectors                                0x08000000   Data           4  startup_gd32f407_427.o(RESET)
    __Vectors_End                            0x08000188   Data           0  startup_gd32f407_427.o(RESET)
    __main                                   0x08000189   Thumb Code     8  __main.o(!!!main)
    __scatterload                            0x08000191   Thumb Code     0  __scatter.o(!!!scatter)
    __scatterload_rt2                        0x08000191   Thumb Code    44  __scatter.o(!!!scatter)
    __scatterload_rt2_thumb_only             0x08000191   Thumb Code     0  __scatter.o(!!!scatter)
    __scatterload_null                       0x0800019f   Thumb Code     0  __scatter.o(!!!scatter)
    __scatterload_copy                       0x080001c5   Thumb Code    26  __scatter_copy.o(!!handler_copy)
    __scatterload_zeroinit                   0x080001e1   Thumb Code    28  __scatter_zi.o(!!handler_zi)
    __rt_lib_init                            0x080001fd   Thumb Code     0  libinit.o(.ARM.Collect$$libinit$$00000000)
    __rt_lib_init_fp_1                       0x080001ff   Thumb Code     0  libinit2.o(.ARM.Collect$$libinit$$00000001)
    __rt_lib_init_alloca_1                   0x08000203   Thumb Code     0  libinit2.o(.ARM.Collect$$libinit$$0000002E)
    __rt_lib_init_argv_1                     0x08000203   Thumb Code     0  libinit2.o(.ARM.Collect$$libinit$$0000002C)
    __rt_lib_init_atexit_1                   0x08000203   Thumb Code     0  libinit2.o(.ARM.Collect$$libinit$$0000001B)
    __rt_lib_init_clock_1                    0x08000203   Thumb Code     0  libinit2.o(.ARM.Collect$$libinit$$00000021)
    __rt_lib_init_cpp_1                      0x08000203   Thumb Code     0  libinit2.o(.ARM.Collect$$libinit$$00000032)
    __rt_lib_init_exceptions_1               0x08000203   Thumb Code     0  libinit2.o(.ARM.Collect$$libinit$$00000030)
    __rt_lib_init_fp_trap_1                  0x08000203   Thumb Code     0  libinit2.o(.ARM.Collect$$libinit$$0000001F)
    __rt_lib_init_getenv_1                   0x08000203   Thumb Code     0  libinit2.o(.ARM.Collect$$libinit$$00000023)
    __rt_lib_init_heap_1                     0x08000203   Thumb Code     0  libinit2.o(.ARM.Collect$$libinit$$0000000A)
    __rt_lib_init_lc_collate_1               0x08000203   Thumb Code     0  libinit2.o(.ARM.Collect$$libinit$$00000011)
    __rt_lib_init_lc_ctype_1                 0x08000203   Thumb Code     0  libinit2.o(.ARM.Collect$$libinit$$00000013)
    __rt_lib_init_lc_monetary_1              0x08000203   Thumb Code     0  libinit2.o(.ARM.Collect$$libinit$$00000015)
    __rt_lib_init_lc_numeric_1               0x08000203   Thumb Code     0  libinit2.o(.ARM.Collect$$libinit$$00000017)
    __rt_lib_init_lc_time_1                  0x08000203   Thumb Code     0  libinit2.o(.ARM.Collect$$libinit$$00000019)
    __rt_lib_init_preinit_1                  0x08000203   Thumb Code     0  libinit2.o(.ARM.Collect$$libinit$$00000004)
    __rt_lib_init_rand_1                     0x08000203   Thumb Code     0  libinit2.o(.ARM.Collect$$libinit$$0000000E)
    __rt_lib_init_return                     0x08000203   Thumb Code     0  libinit2.o(.ARM.Collect$$libinit$$00000033)
    __rt_lib_init_signal_1                   0x08000203   Thumb Code     0  libinit2.o(.ARM.Collect$$libinit$$0000001D)
    __rt_lib_init_stdio_1                    0x08000203   Thumb Code     0  libinit2.o(.ARM.Collect$$libinit$$00000025)
    __rt_lib_init_user_alloc_1               0x08000203   Thumb Code     0  libinit2.o(.ARM.Collect$$libinit$$0000000C)
    __rt_lib_shutdown                        0x08000205   Thumb Code     0  libshutdown.o(.ARM.Collect$$libshutdown$$00000000)
    __rt_lib_shutdown_cpp_1                  0x08000207   Thumb Code     0  libshutdown2.o(.ARM.Collect$$libshutdown$$00000002)
    __rt_lib_shutdown_fp_trap_1              0x08000207   Thumb Code     0  libshutdown2.o(.ARM.Collect$$libshutdown$$00000007)
    __rt_lib_shutdown_heap_1                 0x08000207   Thumb Code     0  libshutdown2.o(.ARM.Collect$$libshutdown$$0000000F)
    __rt_lib_shutdown_return                 0x08000207   Thumb Code     0  libshutdown2.o(.ARM.Collect$$libshutdown$$00000010)
    __rt_lib_shutdown_signal_1               0x08000207   Thumb Code     0  libshutdown2.o(.ARM.Collect$$libshutdown$$0000000A)
    __rt_lib_shutdown_stdio_1                0x08000207   Thumb Code     0  libshutdown2.o(.ARM.Collect$$libshutdown$$00000004)
    __rt_lib_shutdown_user_alloc_1           0x08000207   Thumb Code     0  libshutdown2.o(.ARM.Collect$$libshutdown$$0000000C)
    __rt_entry                               0x08000209   Thumb Code     0  __rtentry.o(.ARM.Collect$$rtentry$$00000000)
    __rt_entry_presh_1                       0x08000209   Thumb Code     0  __rtentry2.o(.ARM.Collect$$rtentry$$00000002)
    __rt_entry_sh                            0x08000209   Thumb Code     0  __rtentry4.o(.ARM.Collect$$rtentry$$00000004)
    __rt_entry_li                            0x0800020f   Thumb Code     0  __rtentry2.o(.ARM.Collect$$rtentry$$0000000A)
    __rt_entry_postsh_1                      0x0800020f   Thumb Code     0  __rtentry2.o(.ARM.Collect$$rtentry$$00000009)
    __rt_entry_main                          0x08000213   Thumb Code     0  __rtentry2.o(.ARM.Collect$$rtentry$$0000000D)
    __rt_entry_postli_1                      0x08000213   Thumb Code     0  __rtentry2.o(.ARM.Collect$$rtentry$$0000000C)
    __rt_exit                                0x0800021b   Thumb Code     0  rtexit.o(.ARM.Collect$$rtexit$$00000000)
    __rt_exit_ls                             0x0800021d   Thumb Code     0  rtexit2.o(.ARM.Collect$$rtexit$$00000003)
    __rt_exit_prels_1                        0x0800021d   Thumb Code     0  rtexit2.o(.ARM.Collect$$rtexit$$00000002)
    __rt_exit_exit                           0x08000221   Thumb Code     0  rtexit2.o(.ARM.Collect$$rtexit$$00000004)
    Reset_Handler                            0x08000229   Thumb Code     8  startup_gd32f407_427.o(.text)
    ADC_IRQHandler                           0x08000243   Thumb Code     0  startup_gd32f407_427.o(.text)
    CAN0_EWMC_IRQHandler                     0x08000243   Thumb Code     0  startup_gd32f407_427.o(.text)
    CAN0_RX0_IRQHandler                      0x08000243   Thumb Code     0  startup_gd32f407_427.o(.text)
    CAN0_RX1_IRQHandler                      0x08000243   Thumb Code     0  startup_gd32f407_427.o(.text)
    CAN0_TX_IRQHandler                       0x08000243   Thumb Code     0  startup_gd32f407_427.o(.text)
    CAN1_EWMC_IRQHandler                     0x08000243   Thumb Code     0  startup_gd32f407_427.o(.text)
    CAN1_RX0_IRQHandler                      0x08000243   Thumb Code     0  startup_gd32f407_427.o(.text)
    CAN1_RX1_IRQHandler                      0x08000243   Thumb Code     0  startup_gd32f407_427.o(.text)
    CAN1_TX_IRQHandler                       0x08000243   Thumb Code     0  startup_gd32f407_427.o(.text)
    DCI_IRQHandler                           0x08000243   Thumb Code     0  startup_gd32f407_427.o(.text)
    DMA0_Channel0_IRQHandler                 0x08000243   Thumb Code     0  startup_gd32f407_427.o(.text)
    DMA0_Channel1_IRQHandler                 0x08000243   Thumb Code     0  startup_gd32f407_427.o(.text)
    DMA0_Channel2_IRQHandler                 0x08000243   Thumb Code     0  startup_gd32f407_427.o(.text)
    DMA0_Channel3_IRQHandler                 0x08000243   Thumb Code     0  startup_gd32f407_427.o(.text)
    DMA0_Channel4_IRQHandler                 0x08000243   Thumb Code     0  startup_gd32f407_427.o(.text)
    DMA0_Channel5_IRQHandler                 0x08000243   Thumb Code     0  startup_gd32f407_427.o(.text)
    DMA0_Channel6_IRQHandler                 0x08000243   Thumb Code     0  startup_gd32f407_427.o(.text)
    DMA0_Channel7_IRQHandler                 0x08000243   Thumb Code     0  startup_gd32f407_427.o(.text)
    DMA1_Channel0_IRQHandler                 0x08000243   Thumb Code     0  startup_gd32f407_427.o(.text)
    DMA1_Channel1_IRQHandler                 0x08000243   Thumb Code     0  startup_gd32f407_427.o(.text)
    DMA1_Channel2_IRQHandler                 0x08000243   Thumb Code     0  startup_gd32f407_427.o(.text)
    DMA1_Channel3_IRQHandler                 0x08000243   Thumb Code     0  startup_gd32f407_427.o(.text)
    DMA1_Channel4_IRQHandler                 0x08000243   Thumb Code     0  startup_gd32f407_427.o(.text)
    DMA1_Channel5_IRQHandler                 0x08000243   Thumb Code     0  startup_gd32f407_427.o(.text)
    DMA1_Channel6_IRQHandler                 0x08000243   Thumb Code     0  startup_gd32f407_427.o(.text)
    DMA1_Channel7_IRQHandler                 0x08000243   Thumb Code     0  startup_gd32f407_427.o(.text)
    ENET_IRQHandler                          0x08000243   Thumb Code     0  startup_gd32f407_427.o(.text)
    ENET_WKUP_IRQHandler                     0x08000243   Thumb Code     0  startup_gd32f407_427.o(.text)
    EXMC_IRQHandler                          0x08000243   Thumb Code     0  startup_gd32f407_427.o(.text)
    EXTI0_IRQHandler                         0x08000243   Thumb Code     0  startup_gd32f407_427.o(.text)
    EXTI10_15_IRQHandler                     0x08000243   Thumb Code     0  startup_gd32f407_427.o(.text)
    EXTI1_IRQHandler                         0x08000243   Thumb Code     0  startup_gd32f407_427.o(.text)
    EXTI2_IRQHandler                         0x08000243   Thumb Code     0  startup_gd32f407_427.o(.text)
    EXTI3_IRQHandler                         0x08000243   Thumb Code     0  startup_gd32f407_427.o(.text)
    EXTI4_IRQHandler                         0x08000243   Thumb Code     0  startup_gd32f407_427.o(.text)
    EXTI5_9_IRQHandler                       0x08000243   Thumb Code     0  startup_gd32f407_427.o(.text)
    FMC_IRQHandler                           0x08000243   Thumb Code     0  startup_gd32f407_427.o(.text)
    FPU_IRQHandler                           0x08000243   Thumb Code     0  startup_gd32f407_427.o(.text)
    I2C0_ER_IRQHandler                       0x08000243   Thumb Code     0  startup_gd32f407_427.o(.text)
    I2C0_EV_IRQHandler                       0x08000243   Thumb Code     0  startup_gd32f407_427.o(.text)
    I2C1_ER_IRQHandler                       0x08000243   Thumb Code     0  startup_gd32f407_427.o(.text)
    I2C1_EV_IRQHandler                       0x08000243   Thumb Code     0  startup_gd32f407_427.o(.text)
    I2C2_ER_IRQHandler                       0x08000243   Thumb Code     0  startup_gd32f407_427.o(.text)
    I2C2_EV_IRQHandler                       0x08000243   Thumb Code     0  startup_gd32f407_427.o(.text)
    LVD_IRQHandler                           0x08000243   Thumb Code     0  startup_gd32f407_427.o(.text)
    RCU_CTC_IRQHandler                       0x08000243   Thumb Code     0  startup_gd32f407_427.o(.text)
    RTC_Alarm_IRQHandler                     0x08000243   Thumb Code     0  startup_gd32f407_427.o(.text)
    RTC_WKUP_IRQHandler                      0x08000243   Thumb Code     0  startup_gd32f407_427.o(.text)
    SDIO_IRQHandler                          0x08000243   Thumb Code     0  startup_gd32f407_427.o(.text)
    SPI0_IRQHandler                          0x08000243   Thumb Code     0  startup_gd32f407_427.o(.text)
    SPI1_IRQHandler                          0x08000243   Thumb Code     0  startup_gd32f407_427.o(.text)
    SPI2_IRQHandler                          0x08000243   Thumb Code     0  startup_gd32f407_427.o(.text)
    TAMPER_STAMP_IRQHandler                  0x08000243   Thumb Code     0  startup_gd32f407_427.o(.text)
    TIMER0_BRK_TIMER8_IRQHandler             0x08000243   Thumb Code     0  startup_gd32f407_427.o(.text)
    TIMER0_Channel_IRQHandler                0x08000243   Thumb Code     0  startup_gd32f407_427.o(.text)
    TIMER0_TRG_CMT_TIMER10_IRQHandler        0x08000243   Thumb Code     0  startup_gd32f407_427.o(.text)
    TIMER0_UP_TIMER9_IRQHandler              0x08000243   Thumb Code     0  startup_gd32f407_427.o(.text)
    TIMER1_IRQHandler                        0x08000243   Thumb Code     0  startup_gd32f407_427.o(.text)
    TIMER2_IRQHandler                        0x08000243   Thumb Code     0  startup_gd32f407_427.o(.text)
    TIMER3_IRQHandler                        0x08000243   Thumb Code     0  startup_gd32f407_427.o(.text)
    TIMER4_IRQHandler                        0x08000243   Thumb Code     0  startup_gd32f407_427.o(.text)
    TIMER5_DAC_IRQHandler                    0x08000243   Thumb Code     0  startup_gd32f407_427.o(.text)
    TIMER6_IRQHandler                        0x08000243   Thumb Code     0  startup_gd32f407_427.o(.text)
    TIMER7_BRK_TIMER11_IRQHandler            0x08000243   Thumb Code     0  startup_gd32f407_427.o(.text)
    TIMER7_Channel_IRQHandler                0x08000243   Thumb Code     0  startup_gd32f407_427.o(.text)
    TIMER7_TRG_CMT_TIMER13_IRQHandler        0x08000243   Thumb Code     0  startup_gd32f407_427.o(.text)
    TIMER7_UP_TIMER12_IRQHandler             0x08000243   Thumb Code     0  startup_gd32f407_427.o(.text)
    TRNG_IRQHandler                          0x08000243   Thumb Code     0  startup_gd32f407_427.o(.text)
    UART3_IRQHandler                         0x08000243   Thumb Code     0  startup_gd32f407_427.o(.text)
    UART4_IRQHandler                         0x08000243   Thumb Code     0  startup_gd32f407_427.o(.text)
    USART0_IRQHandler                        0x08000243   Thumb Code     0  startup_gd32f407_427.o(.text)
    USART1_IRQHandler                        0x08000243   Thumb Code     0  startup_gd32f407_427.o(.text)
    USART2_IRQHandler                        0x08000243   Thumb Code     0  startup_gd32f407_427.o(.text)
    USART5_IRQHandler                        0x08000243   Thumb Code     0  startup_gd32f407_427.o(.text)
    USBFS_IRQHandler                         0x08000243   Thumb Code     0  startup_gd32f407_427.o(.text)
    USBFS_WKUP_IRQHandler                    0x08000243   Thumb Code     0  startup_gd32f407_427.o(.text)
    USBHS_EP1_In_IRQHandler                  0x08000243   Thumb Code     0  startup_gd32f407_427.o(.text)
    USBHS_EP1_Out_IRQHandler                 0x08000243   Thumb Code     0  startup_gd32f407_427.o(.text)
    USBHS_IRQHandler                         0x08000243   Thumb Code     0  startup_gd32f407_427.o(.text)
    USBHS_WKUP_IRQHandler                    0x08000243   Thumb Code     0  startup_gd32f407_427.o(.text)
    WWDGT_IRQHandler                         0x08000243   Thumb Code     0  startup_gd32f407_427.o(.text)
    __user_initial_stackheap                 0x08000245   Thumb Code    10  startup_gd32f407_427.o(.text)
    rt_hw_interrupt_disable                  0x08000269   Thumb Code     8  context_rvds.o(.text)
    rt_hw_interrupt_enable                   0x08000271   Thumb Code     6  context_rvds.o(.text)
    rt_hw_context_switch                     0x08000277   Thumb Code    32  context_rvds.o(.text)
    rt_hw_context_switch_interrupt           0x08000277   Thumb Code     0  context_rvds.o(.text)
    PendSV_Handler                           0x08000297   Thumb Code   108  context_rvds.o(.text)
    rt_hw_context_switch_to                  0x08000303   Thumb Code    68  context_rvds.o(.text)
    rt_hw_interrupt_thread_switch            0x08000347   Thumb Code     2  context_rvds.o(.text)
    HardFault_Handler                        0x08000349   Thumb Code    56  context_rvds.o(.text)
    __use_two_region_memory                  0x0800039d   Thumb Code     2  heapauxi.o(.text)
    __rt_heap_escrow$2region                 0x0800039f   Thumb Code     2  heapauxi.o(.text)
    __rt_heap_expand$2region                 0x080003a1   Thumb Code     2  heapauxi.o(.text)
    __user_setup_stackheap                   0x080003a3   Thumb Code    74  sys_stackheap_outer.o(.text)
    exit                                     0x080003ed   Thumb Code    18  exit.o(.text)
    __user_libspace                          0x08000401   Thumb Code     8  libspace.o(.text)
    __user_perproc_libspace                  0x08000401   Thumb Code     0  libspace.o(.text)
    __user_perthread_libspace                0x08000401   Thumb Code     0  libspace.o(.text)
    _sys_exit                                0x08000409   Thumb Code     8  sys_exit.o(.text)
    __I$use$semihosting                      0x08000415   Thumb Code     0  use_no_semi.o(.text)
    __use_no_semihosting_swi                 0x08000415   Thumb Code     2  use_no_semi.o(.text)
    __semihosting_library_function           0x08000417   Thumb Code     0  indicate_semi.o(.text)
    main                                     0x08000417   Thumb Code    10  components.o(i.$Sub$$main)
    BusFault_Handler                         0x08000421   Thumb Code     4  gd32f4xx_it.o(i.BusFault_Handler)
    DebugMon_Handler                         0x08000425   Thumb Code     2  gd32f4xx_it.o(i.DebugMon_Handler)
    MemManage_Handler                        0x08000427   Thumb Code     4  gd32f4xx_it.o(i.MemManage_Handler)
    NMI_Handler                              0x0800042b   Thumb Code     2  gd32f4xx_it.o(i.NMI_Handler)
    SVC_Handler                              0x08000455   Thumb Code     2  gd32f4xx_it.o(i.SVC_Handler)
    SysTick_Handler                          0x08000457   Thumb Code     8  board.o(i.SysTick_Handler)
    SystemCoreClockUpdate                    0x08000461   Thumb Code   238  system_gd32f4xx.o(i.SystemCoreClockUpdate)
    SystemInit                               0x08000571   Thumb Code   194  system_gd32f4xx.o(i.SystemInit)
    UsageFault_Handler                       0x08000645   Thumb Code     4  gd32f4xx_it.o(i.UsageFault_Handler)
    __rt_ffs                                 0x08000649   Thumb Code    70  kservice.o(i.__rt_ffs)
    $Super$$main                             0x08000793   Thumb Code     8  main.o(i.main)
    main_thread_entry                        0x0800079b   Thumb Code    14  components.o(i.main_thread_entry)
    rt_application_init                      0x08000821   Thumb Code    34  components.o(i.rt_application_init)
    rt_components_board_init                 0x08000851   Thumb Code    20  components.o(i.rt_components_board_init)
    rt_components_init                       0x0800086d   Thumb Code    20  components.o(i.rt_components_init)
    rt_enter_critical                        0x08000889   Thumb Code    28  scheduler.o(i.rt_enter_critical)
    rt_exit_critical                         0x080008a9   Thumb Code    60  scheduler.o(i.rt_exit_critical)
    rt_free                                  0x080008ed   Thumb Code    98  mem.o(i.rt_free)
    rt_heap_begin_get                        0x08000965   Thumb Code     4  board.o(i.rt_heap_begin_get)
    rt_heap_end_get                          0x0800096d   Thumb Code     4  board.o(i.rt_heap_end_get)
    rt_hw_board_init                         0x08000975   Thumb Code   108  board.o(i.rt_hw_board_init)
    rt_hw_hard_fault_exception               0x080009ed   Thumb Code    40  cpuport.o(i.rt_hw_hard_fault_exception)
    rt_hw_stack_init                         0x08000a19   Thumb Code    74  cpuport.o(i.rt_hw_stack_init)
    rt_interrupt_enter                       0x08000a69   Thumb Code    26  irq.o(i.rt_interrupt_enter)
    rt_interrupt_leave                       0x08000a89   Thumb Code    26  irq.o(i.rt_interrupt_leave)
    rt_malloc                                0x08000bdd   Thumb Code   336  mem.o(i.rt_malloc)
    rt_memset                                0x08000d49   Thumb Code    72  kservice.o(i.rt_memset)
    rt_object_allocate                       0x08000d91   Thumb Code    84  object.o(i.rt_object_allocate)
    rt_object_delete                         0x08000de5   Thumb Code    36  object.o(i.rt_object_delete)
    rt_object_detach                         0x08000e09   Thumb Code    30  object.o(i.rt_object_detach)
    rt_object_get_information                0x08000e29   Thumb Code    36  object.o(i.rt_object_get_information)
    rt_object_init                           0x08000e51   Thumb Code    86  object.o(i.rt_object_init)
    rt_object_is_systemobject                0x08000ea7   Thumb Code    18  object.o(i.rt_object_is_systemobject)
    rt_os_tick_callback                      0x08000eb9   Thumb Code    16  board.o(i.rt_os_tick_callback)
    rt_schedule                              0x08000ec9   Thumb Code   106  scheduler.o(i.rt_schedule)
    rt_schedule_insert_thread                0x08000f4d   Thumb Code    72  scheduler.o(i.rt_schedule_insert_thread)
    rt_schedule_remove_thread                0x08000f9d   Thumb Code    76  scheduler.o(i.rt_schedule_remove_thread)
    rt_sem_init                              0x08000ff1   Thumb Code    38  ipc.o(i.rt_sem_init)
    rt_sem_release                           0x08001017   Thumb Code    82  ipc.o(i.rt_sem_release)
    rt_sem_take                              0x08001069   Thumb Code   116  ipc.o(i.rt_sem_take)
    rt_show_version                          0x080010dd   Thumb Code     2  kservice.o(i.rt_show_version)
    rt_strncpy                               0x080010df   Thumb Code    52  kservice.o(i.rt_strncpy)
    rt_system_heap_init                      0x08001115   Thumb Code   146  mem.o(i.rt_system_heap_init)
    rt_system_scheduler_init                 0x080011c5   Thumb Code    52  scheduler.o(i.rt_system_scheduler_init)
    rt_system_scheduler_start                0x08001211   Thumb Code    36  scheduler.o(i.rt_system_scheduler_start)
    rt_system_timer_init                     0x08001241   Thumb Code    24  timer.o(i.rt_system_timer_init)
    rt_system_timer_thread_init              0x0800125d   Thumb Code     2  timer.o(i.rt_system_timer_thread_init)
    rt_thread_create                         0x0800125f   Thumb Code    80  thread.o(i.rt_thread_create)
    rt_thread_exit                           0x080012b1   Thumb Code    78  thread.o(i.rt_thread_exit)
    rt_thread_idle_excute                    0x08001311   Thumb Code    92  idle.o(i.rt_thread_idle_excute)
    rt_thread_idle_init                      0x08001371   Thumb Code    38  idle.o(i.rt_thread_idle_init)
    rt_thread_init                           0x080013ad   Thumb Code    52  thread.o(i.rt_thread_init)
    rt_thread_resume                         0x080013e1   Thumb Code    60  thread.o(i.rt_thread_resume)
    rt_thread_self                           0x0800141d   Thumb Code     6  thread.o(i.rt_thread_self)
    rt_thread_startup                        0x08001429   Thumb Code    44  thread.o(i.rt_thread_startup)
    rt_thread_suspend                        0x08001455   Thumb Code    68  thread.o(i.rt_thread_suspend)
    rt_thread_timeout                        0x08001499   Thumb Code    32  thread.o(i.rt_thread_timeout)
    rt_thread_yield                          0x080014b9   Thumb Code    92  thread.o(i.rt_thread_yield)
    rt_tick_get                              0x0800151d   Thumb Code     6  clock.o(i.rt_tick_get)
    rt_tick_increase                         0x08001529   Thumb Code    42  clock.o(i.rt_tick_increase)
    rt_timer_check                           0x08001559   Thumb Code   160  timer.o(i.rt_timer_check)
    rt_timer_control                         0x080015fd   Thumb Code    98  timer.o(i.rt_timer_control)
    rt_timer_detach                          0x0800165f   Thumb Code    40  timer.o(i.rt_timer_detach)
    rt_timer_init                            0x08001687   Thumb Code    46  timer.o(i.rt_timer_init)
    rt_timer_start                           0x080016b5   Thumb Code   226  timer.o(i.rt_timer_start)
    rt_timer_stop                            0x080017a1   Thumb Code    48  timer.o(i.rt_timer_stop)
    rtthread_startup                         0x080017e1   Thumb Code    42  components.o(i.rtthread_startup)
    systick_config                           0x08001911   Thumb Code    74  systick.o(i.systick_config)
    _fp_init                                 0x08001961   Thumb Code    10  fpinit.o(x$fpl$fpinit)
    __fplib_config_fpu_vfp                   0x08001969   Thumb Code     0  fpinit.o(x$fpl$fpinit)
    __fplib_config_pureend_doubles           0x08001969   Thumb Code     0  fpinit.o(x$fpl$fpinit)
    __lowest_bit_bitmap                      0x0800196a   Data         256  kservice.o(.constdata)
    __rt_init_rti_start                      0x08001a8c   Data           4  components.o(.rti_fn.0)
    __rt_init_rti_board_start                0x08001a90   Data           4  components.o(.rti_fn.0.end)
    __rt_init_rti_board_end                  0x08001a94   Data           4  components.o(.rti_fn.1.end)
    __rt_init_rti_end                        0x08001a98   Data           4  components.o(.rti_fn.6.end)
    Region$$Table$$Base                      0x08001a9c   Number         0  anon$$obj.o(Region$$Table)
    Region$$Table$$Limit                     0x08001abc   Number         0  anon$$obj.o(Region$$Table)
    SystemCoreClock                          0x20000000   Data           4  system_gd32f4xx.o(.data)
    rt_interrupt_from_thread                 0x20000004   Data           4  cpuport.o(.data)
    rt_interrupt_to_thread                   0x20000008   Data           4  cpuport.o(.data)
    rt_thread_switch_interrupt_flag          0x2000000c   Data           4  cpuport.o(.data)
    rt_interrupt_nest                        0x20000018   Data           1  irq.o(.data)
    rt_thread_ready_priority_group           0x20000074   Data           4  scheduler.o(.data)
    rt_current_thread                        0x2000007c   Data           4  scheduler.o(.data)
    rt_current_priority                      0x20000080   Data           1  scheduler.o(.data)
    rt_thread_defunct                        0x20000084   Data           8  scheduler.o(.data)
    rt_thread_priority_table                 0x20000230   Data         256  scheduler.o(.bss)
    __libspace_start                         0x20003f30   Data          96  libspace.o(.bss)
    __temporary_stack_top$libspace           0x20003f90   Data           0  libspace.o(.bss)



==============================================================================

Memory Map of the image

  Image Entry point : 0x08000189

  Load Region LR_IROM1 (Base: 0x08000000, Size: 0x00001b54, Max: 0x00080000, ABSOLUTE)

    Execution Region ER_IROM1 (Exec base: 0x08000000, Load base: 0x08000000, Size: 0x00001abc, Max: 0x00080000, ABSOLUTE)

    Exec Addr    Load Addr    Size         Type   Attr      Idx    E Section Name        Object

    0x08000000   0x08000000   0x00000188   Data   RO          239    RESET               startup_gd32f407_427.o
    0x08000188   0x08000188   0x00000008   Code   RO         6828  * !!!main             c_w.l(__main.o)
    0x08000190   0x08000190   0x00000034   Code   RO         6985    !!!scatter          c_w.l(__scatter.o)
    0x080001c4   0x080001c4   0x0000001a   Code   RO         6987    !!handler_copy      c_w.l(__scatter_copy.o)
    0x080001de   0x080001de   0x00000002   PAD
    0x080001e0   0x080001e0   0x0000001c   Code   RO         6989    !!handler_zi        c_w.l(__scatter_zi.o)
    0x080001fc   0x080001fc   0x00000002   Code   RO         6855    .ARM.Collect$$libinit$$00000000  c_w.l(libinit.o)
    0x080001fe   0x080001fe   0x00000004   Code   RO         6861    .ARM.Collect$$libinit$$00000001  c_w.l(libinit2.o)
    0x08000202   0x08000202   0x00000000   Code   RO         6864    .ARM.Collect$$libinit$$00000004  c_w.l(libinit2.o)
    0x08000202   0x08000202   0x00000000   Code   RO         6867    .ARM.Collect$$libinit$$0000000A  c_w.l(libinit2.o)
    0x08000202   0x08000202   0x00000000   Code   RO         6869    .ARM.Collect$$libinit$$0000000C  c_w.l(libinit2.o)
    0x08000202   0x08000202   0x00000000   Code   RO         6871    .ARM.Collect$$libinit$$0000000E  c_w.l(libinit2.o)
    0x08000202   0x08000202   0x00000000   Code   RO         6874    .ARM.Collect$$libinit$$00000011  c_w.l(libinit2.o)
    0x08000202   0x08000202   0x00000000   Code   RO         6876    .ARM.Collect$$libinit$$00000013  c_w.l(libinit2.o)
    0x08000202   0x08000202   0x00000000   Code   RO         6878    .ARM.Collect$$libinit$$00000015  c_w.l(libinit2.o)
    0x08000202   0x08000202   0x00000000   Code   RO         6880    .ARM.Collect$$libinit$$00000017  c_w.l(libinit2.o)
    0x08000202   0x08000202   0x00000000   Code   RO         6882    .ARM.Collect$$libinit$$00000019  c_w.l(libinit2.o)
    0x08000202   0x08000202   0x00000000   Code   RO         6884    .ARM.Collect$$libinit$$0000001B  c_w.l(libinit2.o)
    0x08000202   0x08000202   0x00000000   Code   RO         6886    .ARM.Collect$$libinit$$0000001D  c_w.l(libinit2.o)
    0x08000202   0x08000202   0x00000000   Code   RO         6888    .ARM.Collect$$libinit$$0000001F  c_w.l(libinit2.o)
    0x08000202   0x08000202   0x00000000   Code   RO         6890    .ARM.Collect$$libinit$$00000021  c_w.l(libinit2.o)
    0x08000202   0x08000202   0x00000000   Code   RO         6892    .ARM.Collect$$libinit$$00000023  c_w.l(libinit2.o)
    0x08000202   0x08000202   0x00000000   Code   RO         6894    .ARM.Collect$$libinit$$00000025  c_w.l(libinit2.o)
    0x08000202   0x08000202   0x00000000   Code   RO         6898    .ARM.Collect$$libinit$$0000002C  c_w.l(libinit2.o)
    0x08000202   0x08000202   0x00000000   Code   RO         6900    .ARM.Collect$$libinit$$0000002E  c_w.l(libinit2.o)
    0x08000202   0x08000202   0x00000000   Code   RO         6902    .ARM.Collect$$libinit$$00000030  c_w.l(libinit2.o)
    0x08000202   0x08000202   0x00000000   Code   RO         6904    .ARM.Collect$$libinit$$00000032  c_w.l(libinit2.o)
    0x08000202   0x08000202   0x00000002   Code   RO         6905    .ARM.Collect$$libinit$$00000033  c_w.l(libinit2.o)
    0x08000204   0x08000204   0x00000002   Code   RO         6925    .ARM.Collect$$libshutdown$$00000000  c_w.l(libshutdown.o)
    0x08000206   0x08000206   0x00000000   Code   RO         6938    .ARM.Collect$$libshutdown$$00000002  c_w.l(libshutdown2.o)
    0x08000206   0x08000206   0x00000000   Code   RO         6940    .ARM.Collect$$libshutdown$$00000004  c_w.l(libshutdown2.o)
    0x08000206   0x08000206   0x00000000   Code   RO         6943    .ARM.Collect$$libshutdown$$00000007  c_w.l(libshutdown2.o)
    0x08000206   0x08000206   0x00000000   Code   RO         6946    .ARM.Collect$$libshutdown$$0000000A  c_w.l(libshutdown2.o)
    0x08000206   0x08000206   0x00000000   Code   RO         6948    .ARM.Collect$$libshutdown$$0000000C  c_w.l(libshutdown2.o)
    0x08000206   0x08000206   0x00000000   Code   RO         6951    .ARM.Collect$$libshutdown$$0000000F  c_w.l(libshutdown2.o)
    0x08000206   0x08000206   0x00000002   Code   RO         6952    .ARM.Collect$$libshutdown$$00000010  c_w.l(libshutdown2.o)
    0x08000208   0x08000208   0x00000000   Code   RO         6830    .ARM.Collect$$rtentry$$00000000  c_w.l(__rtentry.o)
    0x08000208   0x08000208   0x00000000   Code   RO         6832    .ARM.Collect$$rtentry$$00000002  c_w.l(__rtentry2.o)
    0x08000208   0x08000208   0x00000006   Code   RO         6844    .ARM.Collect$$rtentry$$00000004  c_w.l(__rtentry4.o)
    0x0800020e   0x0800020e   0x00000000   Code   RO         6834    .ARM.Collect$$rtentry$$00000009  c_w.l(__rtentry2.o)
    0x0800020e   0x0800020e   0x00000004   Code   RO         6835    .ARM.Collect$$rtentry$$0000000A  c_w.l(__rtentry2.o)
    0x08000212   0x08000212   0x00000000   Code   RO         6837    .ARM.Collect$$rtentry$$0000000C  c_w.l(__rtentry2.o)
    0x08000212   0x08000212   0x00000008   Code   RO         6838    .ARM.Collect$$rtentry$$0000000D  c_w.l(__rtentry2.o)
    0x0800021a   0x0800021a   0x00000002   Code   RO         6859    .ARM.Collect$$rtexit$$00000000  c_w.l(rtexit.o)
    0x0800021c   0x0800021c   0x00000000   Code   RO         6907    .ARM.Collect$$rtexit$$00000002  c_w.l(rtexit2.o)
    0x0800021c   0x0800021c   0x00000004   Code   RO         6908    .ARM.Collect$$rtexit$$00000003  c_w.l(rtexit2.o)
    0x08000220   0x08000220   0x00000006   Code   RO         6909    .ARM.Collect$$rtexit$$00000004  c_w.l(rtexit2.o)
    0x08000226   0x08000226   0x00000002   PAD
    0x08000228   0x08000228   0x00000040   Code   RO          240    .text               startup_gd32f407_427.o
    0x08000268   0x08000268   0x00000134   Code   RO         5790    .text               context_rvds.o
    0x0800039c   0x0800039c   0x00000006   Code   RO         6826    .text               c_w.l(heapauxi.o)
    0x080003a2   0x080003a2   0x0000004a   Code   RO         6846    .text               c_w.l(sys_stackheap_outer.o)
    0x080003ec   0x080003ec   0x00000012   Code   RO         6848    .text               c_w.l(exit.o)
    0x080003fe   0x080003fe   0x00000002   PAD
    0x08000400   0x08000400   0x00000008   Code   RO         6856    .text               c_w.l(libspace.o)
    0x08000408   0x08000408   0x0000000c   Code   RO         6917    .text               c_w.l(sys_exit.o)
    0x08000414   0x08000414   0x00000002   Code   RO         6928    .text               c_w.l(use_no_semi.o)
    0x08000416   0x08000416   0x00000000   Code   RO         6930    .text               c_w.l(indicate_semi.o)
    0x08000416   0x08000416   0x0000000a   Code   RO         5892    i.$Sub$$main        components.o
    0x08000420   0x08000420   0x00000004   Code   RO            3    i.BusFault_Handler  gd32f4xx_it.o
    0x08000424   0x08000424   0x00000002   Code   RO            4    i.DebugMon_Handler  gd32f4xx_it.o
    0x08000426   0x08000426   0x00000004   Code   RO            5    i.MemManage_Handler  gd32f4xx_it.o
    0x0800042a   0x0800042a   0x00000002   Code   RO            6    i.NMI_Handler       gd32f4xx_it.o
    0x0800042c   0x0800042c   0x00000028   Code   RO          196    i.NVIC_SetPriority  systick.o
    0x08000454   0x08000454   0x00000002   Code   RO            7    i.SVC_Handler       gd32f4xx_it.o
    0x08000456   0x08000456   0x00000008   Code   RO         6776    i.SysTick_Handler   board.o
    0x0800045e   0x0800045e   0x00000002   PAD
    0x08000460   0x08000460   0x00000110   Code   RO          246    i.SystemCoreClockUpdate  system_gd32f4xx.o
    0x08000570   0x08000570   0x000000d4   Code   RO          247    i.SystemInit        system_gd32f4xx.o
    0x08000644   0x08000644   0x00000004   Code   RO            8    i.UsageFault_Handler  gd32f4xx_it.o
    0x08000648   0x08000648   0x0000004c   Code   RO         6162    i.__rt_ffs          kservice.o
    0x08000694   0x08000694   0x00000084   Code   RO         6530    i._rt_thread_init   thread.o
    0x08000718   0x08000718   0x00000042   Code   RO         6662    i._rt_timer_init    timer.o
    0x0800075a   0x0800075a   0x0000001c   Code   RO         6663    i._rt_timer_remove  timer.o
    0x08000776   0x08000776   0x0000001c   Code   RO         6531    i._thread_cleanup_execute  thread.o
    0x08000792   0x08000792   0x00000008   Code   RO          172    i.main              main.o
    0x0800079a   0x0800079a   0x0000000e   Code   RO         5893    i.main_thread_entry  components.o
    0x080007a8   0x080007a8   0x00000078   Code   RO         6320    i.plug_holes        mem.o
    0x08000820   0x08000820   0x00000030   Code   RO         5894    i.rt_application_init  components.o
    0x08000850   0x08000850   0x0000001c   Code   RO         5895    i.rt_components_board_init  components.o
    0x0800086c   0x0800086c   0x0000001c   Code   RO         5896    i.rt_components_init  components.o
    0x08000888   0x08000888   0x00000020   Code   RO         6464    i.rt_enter_critical  scheduler.o
    0x080008a8   0x080008a8   0x00000044   Code   RO         6465    i.rt_exit_critical  scheduler.o
    0x080008ec   0x080008ec   0x00000078   Code   RO         6322    i.rt_free           mem.o
    0x08000964   0x08000964   0x00000008   Code   RO         6777    i.rt_heap_begin_get  board.o
    0x0800096c   0x0800096c   0x00000008   Code   RO         6778    i.rt_heap_end_get   board.o
    0x08000974   0x08000974   0x00000078   Code   RO         6779    i.rt_hw_board_init  board.o
    0x080009ec   0x080009ec   0x0000002c   Code   RO         5797    i.rt_hw_hard_fault_exception  cpuport.o
    0x08000a18   0x08000a18   0x00000050   Code   RO         5798    i.rt_hw_stack_init  cpuport.o
    0x08000a68   0x08000a68   0x00000020   Code   RO         6135    i.rt_interrupt_enter  irq.o
    0x08000a88   0x08000a88   0x00000020   Code   RO         6137    i.rt_interrupt_leave  irq.o
    0x08000aa8   0x08000aa8   0x00000014   Code   RO         5995    i.rt_ipc_list_resume  ipc.o
    0x08000abc   0x08000abc   0x0000006e   Code   RO         5997    i.rt_ipc_list_suspend  ipc.o
    0x08000b2a   0x08000b2a   0x00000010   Code   RO         5998    i.rt_ipc_object_init  ipc.o
    0x08000b3a   0x08000b3a   0x00000006   Code   RO         5999    i.rt_list_init      ipc.o
    0x08000b40   0x08000b40   0x00000006   Code   RO         6466    i.rt_list_init      scheduler.o
    0x08000b46   0x08000b46   0x00000006   Code   RO         6664    i.rt_list_init      timer.o
    0x08000b4c   0x08000b4c   0x0000000e   Code   RO         6376    i.rt_list_insert_after  object.o
    0x08000b5a   0x08000b5a   0x0000000e   Code   RO         6532    i.rt_list_insert_after  thread.o
    0x08000b68   0x08000b68   0x0000000e   Code   RO         6665    i.rt_list_insert_after  timer.o
    0x08000b76   0x08000b76   0x0000000e   Code   RO         6000    i.rt_list_insert_before  ipc.o
    0x08000b84   0x08000b84   0x00000010   Code   RO         6001    i.rt_list_isempty   ipc.o
    0x08000b94   0x08000b94   0x00000010   Code   RO         6666    i.rt_list_isempty   timer.o
    0x08000ba4   0x08000ba4   0x00000012   Code   RO         6377    i.rt_list_remove    object.o
    0x08000bb6   0x08000bb6   0x00000012   Code   RO         6533    i.rt_list_remove    thread.o
    0x08000bc8   0x08000bc8   0x00000012   Code   RO         6667    i.rt_list_remove    timer.o
    0x08000bda   0x08000bda   0x00000002   PAD
    0x08000bdc   0x08000bdc   0x0000016c   Code   RO         6323    i.rt_malloc         mem.o
    0x08000d48   0x08000d48   0x00000048   Code   RO         6171    i.rt_memset         kservice.o
    0x08000d90   0x08000d90   0x00000054   Code   RO         6378    i.rt_object_allocate  object.o
    0x08000de4   0x08000de4   0x00000024   Code   RO         6379    i.rt_object_delete  object.o
    0x08000e08   0x08000e08   0x0000001e   Code   RO         6380    i.rt_object_detach  object.o
    0x08000e26   0x08000e26   0x00000002   PAD
    0x08000e28   0x08000e28   0x00000028   Code   RO         6382    i.rt_object_get_information  object.o
    0x08000e50   0x08000e50   0x00000056   Code   RO         6386    i.rt_object_init    object.o
    0x08000ea6   0x08000ea6   0x00000012   Code   RO         6387    i.rt_object_is_systemobject  object.o
    0x08000eb8   0x08000eb8   0x00000010   Code   RO         6780    i.rt_os_tick_callback  board.o
    0x08000ec8   0x08000ec8   0x00000084   Code   RO         6467    i.rt_schedule       scheduler.o
    0x08000f4c   0x08000f4c   0x00000050   Code   RO         6468    i.rt_schedule_insert_thread  scheduler.o
    0x08000f9c   0x08000f9c   0x00000054   Code   RO         6469    i.rt_schedule_remove_thread  scheduler.o
    0x08000ff0   0x08000ff0   0x00000026   Code   RO         6014    i.rt_sem_init       ipc.o
    0x08001016   0x08001016   0x00000052   Code   RO         6015    i.rt_sem_release    ipc.o
    0x08001068   0x08001068   0x00000074   Code   RO         6016    i.rt_sem_take       ipc.o
    0x080010dc   0x080010dc   0x00000002   Code   RO         6173    i.rt_show_version   kservice.o
    0x080010de   0x080010de   0x00000034   Code   RO         6181    i.rt_strncpy        kservice.o
    0x08001112   0x08001112   0x00000002   PAD
    0x08001114   0x08001114   0x000000b0   Code   RO         6326    i.rt_system_heap_init  mem.o
    0x080011c4   0x080011c4   0x0000004c   Code   RO         6470    i.rt_system_scheduler_init  scheduler.o
    0x08001210   0x08001210   0x00000030   Code   RO         6471    i.rt_system_scheduler_start  scheduler.o
    0x08001240   0x08001240   0x0000001c   Code   RO         6668    i.rt_system_timer_init  timer.o
    0x0800125c   0x0800125c   0x00000002   Code   RO         6669    i.rt_system_timer_thread_init  timer.o
    0x0800125e   0x0800125e   0x00000050   Code   RO         6535    i.rt_thread_create  thread.o
    0x080012ae   0x080012ae   0x00000002   PAD
    0x080012b0   0x080012b0   0x00000058   Code   RO         6540    i.rt_thread_exit    thread.o
    0x08001308   0x08001308   0x00000008   Code   RO         5960    i.rt_thread_idle_entry  idle.o
    0x08001310   0x08001310   0x00000060   Code   RO         5961    i.rt_thread_idle_excute  idle.o
    0x08001370   0x08001370   0x0000003c   Code   RO         5963    i.rt_thread_idle_init  idle.o
    0x080013ac   0x080013ac   0x00000034   Code   RO         6542    i.rt_thread_init    thread.o
    0x080013e0   0x080013e0   0x0000003c   Code   RO         6544    i.rt_thread_resume  thread.o
    0x0800141c   0x0800141c   0x0000000c   Code   RO         6545    i.rt_thread_self    thread.o
    0x08001428   0x08001428   0x0000002c   Code   RO         6547    i.rt_thread_startup  thread.o
    0x08001454   0x08001454   0x00000044   Code   RO         6548    i.rt_thread_suspend  thread.o
    0x08001498   0x08001498   0x00000020   Code   RO         6549    i.rt_thread_timeout  thread.o
    0x080014b8   0x080014b8   0x00000064   Code   RO         6550    i.rt_thread_yield   thread.o
    0x0800151c   0x0800151c   0x0000000c   Code   RO         5853    i.rt_tick_get       clock.o
    0x08001528   0x08001528   0x00000030   Code   RO         5854    i.rt_tick_increase  clock.o
    0x08001558   0x08001558   0x000000a4   Code   RO         6670    i.rt_timer_check    timer.o
    0x080015fc   0x080015fc   0x00000062   Code   RO         6671    i.rt_timer_control  timer.o
    0x0800165e   0x0800165e   0x00000028   Code   RO         6674    i.rt_timer_detach   timer.o
    0x08001686   0x08001686   0x0000002e   Code   RO         6675    i.rt_timer_init     timer.o
    0x080016b4   0x080016b4   0x000000ec   Code   RO         6678    i.rt_timer_start    timer.o
    0x080017a0   0x080017a0   0x00000030   Code   RO         6679    i.rt_timer_stop     timer.o
    0x080017d0   0x080017d0   0x00000004   Code   RO         5897    i.rti_board_end     components.o
    0x080017d4   0x080017d4   0x00000004   Code   RO         5898    i.rti_board_start   components.o
    0x080017d8   0x080017d8   0x00000004   Code   RO         5899    i.rti_end           components.o
    0x080017dc   0x080017dc   0x00000004   Code   RO         5900    i.rti_start         components.o
    0x080017e0   0x080017e0   0x0000002a   Code   RO         5901    i.rtthread_startup  components.o
    0x0800180a   0x0800180a   0x00000002   PAD
    0x0800180c   0x0800180c   0x000000fc   Code   RO          248    i.system_clock_200m_25m_hxtal  system_gd32f4xx.o
    0x08001908   0x08001908   0x00000008   Code   RO          249    i.system_clock_config  system_gd32f4xx.o
    0x08001910   0x08001910   0x00000050   Code   RO          199    i.systick_config    systick.o
    0x08001960   0x08001960   0x0000000a   Code   RO         6915    x$fpl$fpinit        fz_wm.l(fpinit.o)
    0x0800196a   0x0800196a   0x00000122   Data   RO         6187    .constdata          kservice.o
    0x08001a8c   0x08001a8c   0x00000004   Data   RO         5902    .rti_fn.0           components.o
    0x08001a90   0x08001a90   0x00000004   Data   RO         5903    .rti_fn.0.end       components.o
    0x08001a94   0x08001a94   0x00000004   Data   RO         5904    .rti_fn.1.end       components.o
    0x08001a98   0x08001a98   0x00000004   Data   RO         5905    .rti_fn.6.end       components.o
    0x08001a9c   0x08001a9c   0x00000020   Data   RO         6983    Region$$Table       anon$$obj.o


    Execution Region RW_IRAM1 (Exec base: 0x20000000, Load base: 0x08001abc, Size: 0x00004790, Max: 0x00030000, ABSOLUTE)

    Exec Addr    Load Addr    Size         Type   Attr      Idx    E Section Name        Object

    0x20000000   0x08001abc   0x00000004   Data   RW          250    .data               system_gd32f4xx.o
    0x20000004   0x08001ac0   0x00000010   Data   RW         5799    .data               cpuport.o
    0x20000014   0x08001ad0   0x00000004   Data   RW         5856    .data               clock.o
    0x20000018   0x08001ad4   0x00000001   Data   RW         6138    .data               irq.o
    0x20000019   0x08001ad5   0x00000003   PAD
    0x2000001c   0x08001ad8   0x00000018   Data   RW         6328    .data               mem.o
    0x20000034   0x08001af0   0x00000040   Data   RW         6389    .data               object.o
    0x20000074   0x08001b30   0x00000018   Data   RW         6473    .data               scheduler.o
    0x2000008c   0x08001b48   0x0000000c   Data   RW         6680    .data               timer.o
    0x20000098        -       0x00000178   Zero   RW         5964    .bss                idle.o
    0x20000210        -       0x00000020   Zero   RW         6327    .bss                mem.o
    0x20000230        -       0x00000100   Zero   RW         6472    .bss                scheduler.o
    0x20000330        -       0x00003c00   Zero   RW         6781    .bss                board.o
    0x20003f30        -       0x00000060   Zero   RW         6857    .bss                c_w.l(libspace.o)
    0x20003f90        -       0x00000400   Zero   RW          238    HEAP                startup_gd32f407_427.o
    0x20004390        -       0x00000400   Zero   RW          237    STACK               startup_gd32f407_427.o


==============================================================================

Image component sizes


      Code (inc. data)   RO Data    RW Data    ZI Data      Debug   Object Name

       160         20          0          0      15360      29848   board.o
        60         12          0          4          0       1325   clock.o
       186         30         16          0          0       6740   components.o
       308         28          0          0          0        952   context_rvds.o
       124         10          0         16          0      10030   cpuport.o
        18          0          0          0          0      12375   gd32f4xx_it.o
       164         26          0          0        376       5546   idle.o
       418          0          0          0          0       9197   ipc.o
        64         12          0          1          0       1886   irq.o
       202          6        290          0          0       5828   kservice.o
         8          0          0          0          0        475   main.o
       780         92          0         24         32       4324   mem.o
       326          4          0         64          0       9012   object.o
       526         90          0         24        256       9314   scheduler.o
        64         26        392          0       2048        900   startup_gd32f407_427.o
       744         64          0          4          0       3823   system_gd32f4xx.o
       120         14          0          0          0      27540   systick.o
       728         32          0          0          0      12291   thread.o
       810         24          0         12          0      12800   timer.o

    ----------------------------------------------------------------------
      5822        490        730        152      18072     164206   Object Totals
         0          0         32          0          0          0   (incl. Generated)
        12          0          0          3          0          0   (incl. Padding)

    ----------------------------------------------------------------------

      Code (inc. data)   RO Data    RW Data    ZI Data      Debug   Library Member Name

         8          0          0          0          0         68   __main.o
         0          0          0          0          0          0   __rtentry.o
        12          0          0          0          0          0   __rtentry2.o
         6          0          0          0          0          0   __rtentry4.o
        52          8          0          0          0          0   __scatter.o
        26          0          0          0          0          0   __scatter_copy.o
        28          0          0          0          0          0   __scatter_zi.o
        18          0          0          0          0         80   exit.o
         6          0          0          0          0        152   heapauxi.o
         0          0          0          0          0          0   indicate_semi.o
         2          0          0          0          0          0   libinit.o
         6          0          0          0          0          0   libinit2.o
         2          0          0          0          0          0   libshutdown.o
         2          0          0          0          0          0   libshutdown2.o
         8          4          0          0         96         68   libspace.o
         2          0          0          0          0          0   rtexit.o
        10          0          0          0          0          0   rtexit2.o
        12          4          0          0          0         68   sys_exit.o
        74          0          0          0          0         80   sys_stackheap_outer.o
         2          0          0          0          0         68   use_no_semi.o
        10          0          0          0          0        116   fpinit.o

    ----------------------------------------------------------------------
       292         16          0          0         96        700   Library Totals
         6          0          0          0          0          0   (incl. Padding)

    ----------------------------------------------------------------------

      Code (inc. data)   RO Data    RW Data    ZI Data      Debug   Library Name

       276         16          0          0         96        584   c_w.l
        10          0          0          0          0        116   fz_wm.l

    ----------------------------------------------------------------------
       292         16          0          0         96        700   Library Totals

    ----------------------------------------------------------------------

==============================================================================


      Code (inc. data)   RO Data    RW Data    ZI Data      Debug   

      6114        506        730        152      18168     155550   Grand Totals
      6114        506        730        152      18168     155550   ELF Image Totals
      6114        506        730        152          0          0   ROM Totals

==============================================================================

    Total RO  Size (Code + RO Data)                 6844 (   6.68kB)
    Total RW  Size (RW Data + ZI Data)             18320 (  17.89kB)
    Total ROM Size (Code + RO Data + RW Data)       6996 (   6.83kB)

==============================================================================

