<html>
<body>
<pre>
<h1>µVision Build Log</h1>
<h2>Tool Versions:</h2>
IDE-Version: ¦ÌVision V5.29.0.0
Copyright (C) 2019 ARM Ltd and ARM Germany GmbH. All rights reserved.
License Information: 1 WuTong, 1, LIC=47GU5-GVAUF-VESHA-19VAT-NS04J-3XY6K
 
Tool Versions:
Toolchain:       MDK-ARM Plus  Version: 5.29.0.0
Toolchain Path:  E:\Keil_v5\ARM\ARMCC\Bin
C Compiler:      Armcc.exe V5.06 update 6 (build 750)
Assembler:       Armasm.exe V5.06 update 6 (build 750)
Linker/Locator:  ArmLink.exe V5.06 update 6 (build 750)
Library Manager: ArmAr.exe V5.06 update 6 (build 750)
Hex Converter:   FromElf.exe V5.06 update 6 (build 750)
CPU DLL:         SARMCM3.DLL V5.29.0.0
Dialog DLL:      DCM.DLL V1.17.3.0
Target DLL:      CMSIS_AGDI.dll V1.32.0.0
Dialog DLL:      TCM.DLL V1.36.5.0
 
<h2>Project:</h2>
C:\Users\WuTong\Desktop\RTOS\GD32F427_RTT\GD32F427\MDK-ARM\GD32F427.uvprojx
Project File Date:  08/29/2023

<h2>Output:</h2>
*** Using Compiler 'V5.06 update 6 (build 750)', folder: 'E:\Keil_v5\ARM\ARMCC\Bin'
Build target 'GD32F427'
compiling board.c...
linking...
Program Size: Code=6114 RO-data=730 RW-data=152 ZI-data=18168  
".\Objects\GD32F427.axf" - 0 Error(s), 0 Warning(s).

<h2>Software Packages used:</h2>

Package Vendor: GigaDevice
                https://gd32mcu.com/data/documents/pack/GigaDevice.GD32F4xx_DFP.3.1.0.pack
                GigaDevice.GD32F4xx_DFP.3.1.0
                GigaDevice GD32F4xx Series Device Support and Examples

Package Vendor: RealThread
                https://www.rt-thread.org/download/mdk/RealThread.RT-Thread.3.1.5.pack
                RealThread.RT-Thread.3.1.5
                RT-Thread Software Components
   * Component: kernel Version: 3.1.5

<h2>Collection of Component include folders:</h2>
  .\RTE\RTOS
  .\RTE\_GD32F427
  E:\Users\WuTong\AppData\Local\Arm\Packs\GigaDevice\GD32F4xx_DFP\3.1.0\Device\F4XX\Include
  E:\Users\WuTong\AppData\Local\Arm\Packs\RealThread\RT-Thread\3.1.5\include

<h2>Collection of Component Files used:</h2>

   * Component: RealThread.RT-Thread::RTOS:kernel:3.1.5
      Source file:   src\idle.c
      Source file:   src\ipc.c
      Source file:   src\kservice.c
      Source file:   src\mempool.c
      Source file:   src\object.c
      Source file:   src\scheduler.c
      Source file:   src\mem.c
      Source file:   src\components.c
      Source file:   src\thread.c
      Include file:  bsp\_template\rtconfig.h
      Source file:   bsp\_template\board.c
      Source file:   src\irq.c
      Source file:   src\timer.c
      Source file:   src\clock.c
      Source file:   libcpu\arm\cortex-m4\cpuport.c
      Source file:   libcpu\arm\cortex-m4\context_rvds.S
Build Time Elapsed:  00:00:01
</pre>
</body>
</html>
